Loading checkpoint shards:   0%|          | 0/4 [00:00<?, ?it/s]Loading checkpoint shards:   0%|          | 0/4 [00:00<?, ?it/s]Loading checkpoint shards:   0%|          | 0/4 [00:00<?, ?it/s]Loading checkpoint shards:   0%|          | 0/4 [00:00<?, ?it/s]Loading checkpoint shards:   0%|          | 0/4 [00:00<?, ?it/s]Loading checkpoint shards:   0%|          | 0/4 [00:00<?, ?it/s]Loading checkpoint shards:   0%|          | 0/4 [00:00<?, ?it/s]Loading checkpoint shards:   0%|          | 0/4 [00:00<?, ?it/s]Loading checkpoint shards:  25%|██▌       | 1/4 [00:00<00:02,  1.05it/s]Loading checkpoint shards:  25%|██▌       | 1/4 [00:01<00:03,  1.01s/it]Loading checkpoint shards:  25%|██▌       | 1/4 [00:01<00:03,  1.07s/it]Loading checkpoint shards:  25%|██▌       | 1/4 [00:00<00:02,  1.12it/s]Loading checkpoint shards:  25%|██▌       | 1/4 [00:00<00:02,  1.00it/s]Loading checkpoint shards:  25%|██▌       | 1/4 [00:01<00:03,  1.08s/it]Loading checkpoint shards:  25%|██▌       | 1/4 [00:00<00:02,  1.06it/s]Loading checkpoint shards:  25%|██▌       | 1/4 [00:01<00:04,  1.48s/it]Loading checkpoint shards:  50%|█████     | 2/4 [00:02<00:02,  1.16s/it]Loading checkpoint shards:  50%|█████     | 2/4 [00:02<00:02,  1.18s/it]Loading checkpoint shards:  50%|█████     | 2/4 [00:02<00:02,  1.21s/it]Loading checkpoint shards:  50%|█████     | 2/4 [00:02<00:02,  1.14s/it]Loading checkpoint shards:  50%|█████     | 2/4 [00:02<00:02,  1.17s/it]Loading checkpoint shards:  50%|█████     | 2/4 [00:02<00:02,  1.22s/it]Loading checkpoint shards:  50%|█████     | 2/4 [00:02<00:02,  1.16s/it]Loading checkpoint shards:  50%|█████     | 2/4 [00:02<00:02,  1.39s/it]Loading checkpoint shards:  75%|███████▌  | 3/4 [00:03<00:01,  1.20s/it]Loading checkpoint shards:  75%|███████▌  | 3/4 [00:03<00:01,  1.23s/it]Loading checkpoint shards:  75%|███████▌  | 3/4 [00:03<00:01,  1.22s/it]Loading checkpoint shards:  75%|███████▌  | 3/4 [00:03<00:01,  1.19s/it]Loading checkpoint shards:  75%|███████▌  | 3/4 [00:03<00:01,  1.19s/it]Loading checkpoint shards:  75%|███████▌  | 3/4 [00:03<00:01,  1.23s/it]Loading checkpoint shards:  75%|███████▌  | 3/4 [00:03<00:01,  1.21s/it]Loading checkpoint shards: 100%|██████████| 4/4 [00:03<00:00,  1.28it/s]Loading checkpoint shards: 100%|██████████| 4/4 [00:03<00:00,  1.10it/s]
Loading checkpoint shards: 100%|██████████| 4/4 [00:03<00:00,  1.26it/s]Loading checkpoint shards: 100%|██████████| 4/4 [00:03<00:00,  1.06it/s]
Loading checkpoint shards: 100%|██████████| 4/4 [00:03<00:00,  1.27it/s]Loading checkpoint shards: 100%|██████████| 4/4 [00:03<00:00,  1.08it/s]
Loading checkpoint shards: 100%|██████████| 4/4 [00:03<00:00,  1.29it/s]Loading checkpoint shards: 100%|██████████| 4/4 [00:03<00:00,  1.11it/s]
Loading checkpoint shards: 100%|██████████| 4/4 [00:03<00:00,  1.27it/s]Loading checkpoint shards: 100%|██████████| 4/4 [00:03<00:00,  1.08it/s]
Loading checkpoint shards: 100%|██████████| 4/4 [00:03<00:00,  1.25it/s]Loading checkpoint shards: 100%|██████████| 4/4 [00:03<00:00,  1.06it/s]
Loading checkpoint shards: 100%|██████████| 4/4 [00:03<00:00,  1.28it/s]Loading checkpoint shards: 100%|██████████| 4/4 [00:03<00:00,  1.10it/s]
Loading checkpoint shards:  75%|███████▌  | 3/4 [00:04<00:01,  1.32s/it]Special tokens have been added in the vocabulary, make sure the associated word embeddings are fine-tuned or trained.
[RANK 6] initializing vision tower
Special tokens have been added in the vocabulary, make sure the associated word embeddings are fine-tuned or trained.
[RANK 4] initializing vision tower
Special tokens have been added in the vocabulary, make sure the associated word embeddings are fine-tuned or trained.
[RANK 3] initializing vision tower
Special tokens have been added in the vocabulary, make sure the associated word embeddings are fine-tuned or trained.
[RANK 5] initializing vision tower
Special tokens have been added in the vocabulary, make sure the associated word embeddings are fine-tuned or trained.
[RANK 7] initializing vision tower
Special tokens have been added in the vocabulary, make sure the associated word embeddings are fine-tuned or trained.
[RANK 1] initializing vision tower
Special tokens have been added in the vocabulary, make sure the associated word embeddings are fine-tuned or trained.
[RANK 2] initializing vision tower
Loading checkpoint shards: 100%|██████████| 4/4 [00:04<00:00,  1.05it/s]Loading checkpoint shards: 100%|██████████| 4/4 [00:04<00:00,  1.11s/it]
Special tokens have been added in the vocabulary, make sure the associated word embeddings are fine-tuned or trained.
[RANK 0] initializing vision tower
Resizing position embedding grid-size from %s to %s (16, 16) (32, 32)
Resizing position embedding grid-size from %s to %s (16, 16) (32, 32)
[RANK 3] Loading state dict to CLIP VIT.
[RANK 7] Loading state dict to CLIP VIT.
[]
[]
Resizing position embedding grid-size from %s to %s (16, 16) (32, 32)
Resizing position embedding grid-size from %s to %s (16, 16) (32, 32)
[RANK 6] Loading state dict to CLIP VIT.
[RANK 1] Loading state dict to CLIP VIT.
[]
[]
Resizing position embedding grid-size from %s to %s (16, 16) (32, 32)
Resizing position embedding grid-size from %s to %s (16, 16) (32, 32)
[RANK 4] Loading state dict to CLIP VIT.
[RANK 5] Loading state dict to CLIP VIT.
[]
[]
Resizing position embedding grid-size from %s to %s (16, 16) (32, 32)
[RANK 2] Loading state dict to CLIP VIT.
[]
Building visual processor at the resolution of 448
Setting cls_token_w32_q16...
Setting cls_token_w8_q64...
Building visual processor at the resolution of 448
Setting cls_token_w32_q16...
Setting cls_token_w8_q64...
Building visual processor at the resolution of 448
Setting cls_token_w32_q16...
Setting cls_token_w8_q64...
Building visual processor at the resolution of 448
Setting cls_token_w32_q16...
Setting cls_token_w8_q64...
Building visual processor at the resolution of 448
Setting cls_token_w32_q16...
Setting cls_token_w8_q64...
Building visual processor at the resolution of 448
Setting cls_token_w32_q16...
Setting cls_token_w8_q64...
Building visual processor at the resolution of 448
Setting cls_token_w32_q16...
Setting cls_token_w8_q64...
[RANK: 7] Initializing weights for WindowedPoolerMultiResMultiScaleV3Init.
[RANK: 6] Initializing weights for WindowedPoolerMultiResMultiScaleV3Init.
[RANK: 3] Initializing weights for WindowedPoolerMultiResMultiScaleV3Init.
[RANK: 4] Initializing weights for WindowedPoolerMultiResMultiScaleV3Init.
[RANK: 1] Initializing weights for WindowedPoolerMultiResMultiScaleV3Init.
Resizing position embedding grid-size from %s to %s (16, 16) (32, 32)
[RANK: 2] Initializing weights for WindowedPoolerMultiResMultiScaleV3Init.
[RANK 0] Loading state dict to CLIP VIT.
[RANK: 5] Initializing weights for WindowedPoolerMultiResMultiScaleV3Init.
[]
[mm_projector] keys in model not matched: []
[mm_projector] keys in checkpoint not matched: []
[mm_projector] keys in model not matched: []
[mm_projector] keys in checkpoint not matched: []
[mm_projector] keys in model not matched: []
[mm_projector] keys in checkpoint not matched: []
[mm_projector] keys in model not matched: []
[mm_projector] keys in checkpoint not matched: []
[mm_projector] keys in model not matched: []
[mm_projector] keys in checkpoint not matched: []
Building visual processor at the resolution of 448
Setting cls_token_w32_q16...
Setting cls_token_w8_q64...
[mm_projector] keys in model not matched: []
[mm_projector] keys in checkpoint not matched: []
[mm_projector] keys in model not matched: []
[mm_projector] keys in checkpoint not matched: []
[RANK: 0] Initializing weights for WindowedPoolerMultiResMultiScaleV3Init.
[mm_projector] keys in model not matched: []
[mm_projector] keys in checkpoint not matched: []
/opt/conda/envs/llava/lib/python3.10/site-packages/accelerate/accelerator.py:432: FutureWarning: Passing the following arguments to `Accelerator` is deprecated and will be removed in version 1.0 of Accelerate: dict_keys(['dispatch_batches', 'split_batches']). Please pass an `accelerate.DataLoaderConfiguration` instead: 
dataloader_config = DataLoaderConfiguration(dispatch_batches=None, split_batches=False)
  warnings.warn(
/opt/conda/envs/llava/lib/python3.10/site-packages/accelerate/accelerator.py:432: FutureWarning: Passing the following arguments to `Accelerator` is deprecated and will be removed in version 1.0 of Accelerate: dict_keys(['dispatch_batches', 'split_batches']). Please pass an `accelerate.DataLoaderConfiguration` instead: 
dataloader_config = DataLoaderConfiguration(dispatch_batches=None, split_batches=False)
  warnings.warn(
/opt/conda/envs/llava/lib/python3.10/site-packages/accelerate/accelerator.py:432: FutureWarning: Passing the following arguments to `Accelerator` is deprecated and will be removed in version 1.0 of Accelerate: dict_keys(['dispatch_batches', 'split_batches']). Please pass an `accelerate.DataLoaderConfiguration` instead: 
dataloader_config = DataLoaderConfiguration(dispatch_batches=None, split_batches=False)
  warnings.warn(
/opt/conda/envs/llava/lib/python3.10/site-packages/accelerate/accelerator.py:432: FutureWarning: Passing the following arguments to `Accelerator` is deprecated and will be removed in version 1.0 of Accelerate: dict_keys(['dispatch_batches', 'split_batches']). Please pass an `accelerate.DataLoaderConfiguration` instead: 
dataloader_config = DataLoaderConfiguration(dispatch_batches=None, split_batches=False)
  warnings.warn(
/opt/conda/envs/llava/lib/python3.10/site-packages/accelerate/accelerator.py:432: FutureWarning: Passing the following arguments to `Accelerator` is deprecated and will be removed in version 1.0 of Accelerate: dict_keys(['dispatch_batches', 'split_batches']). Please pass an `accelerate.DataLoaderConfiguration` instead: 
dataloader_config = DataLoaderConfiguration(dispatch_batches=None, split_batches=False)
  warnings.warn(
/opt/conda/envs/llava/lib/python3.10/site-packages/accelerate/accelerator.py:432: FutureWarning: Passing the following arguments to `Accelerator` is deprecated and will be removed in version 1.0 of Accelerate: dict_keys(['dispatch_batches', 'split_batches']). Please pass an `accelerate.DataLoaderConfiguration` instead: 
dataloader_config = DataLoaderConfiguration(dispatch_batches=None, split_batches=False)
  warnings.warn(
/opt/conda/envs/llava/lib/python3.10/site-packages/accelerate/accelerator.py:432: FutureWarning: Passing the following arguments to `Accelerator` is deprecated and will be removed in version 1.0 of Accelerate: dict_keys(['dispatch_batches', 'split_batches']). Please pass an `accelerate.DataLoaderConfiguration` instead: 
dataloader_config = DataLoaderConfiguration(dispatch_batches=None, split_batches=False)
  warnings.warn(
Formatting inputs...Skip in lazy mode
/opt/conda/envs/llava/lib/python3.10/site-packages/accelerate/accelerator.py:432: FutureWarning: Passing the following arguments to `Accelerator` is deprecated and will be removed in version 1.0 of Accelerate: dict_keys(['dispatch_batches', 'split_batches']). Please pass an `accelerate.DataLoaderConfiguration` instead: 
dataloader_config = DataLoaderConfiguration(dispatch_batches=None, split_batches=False)
  warnings.warn(
Parameter Offload: Total persistent parameters: 647168 in 292 params
  0%|          | 0/2599 [00:00<?, ?it/s]/opt/conda/envs/llava/lib/python3.10/site-packages/torch/utils/checkpoint.py:460: UserWarning: torch.utils.checkpoint: please pass in use_reentrant=True or use_reentrant=False explicitly. The default value of use_reentrant will be updated to be False in the future. To maintain current behavior, pass use_reentrant=True. It is recommended that you use use_reentrant=False. Refer to docs for more details on the differences between the two variants.
  warnings.warn(
/opt/conda/envs/llava/lib/python3.10/site-packages/torch/utils/checkpoint.py:460: UserWarning: torch.utils.checkpoint: please pass in use_reentrant=True or use_reentrant=False explicitly. The default value of use_reentrant will be updated to be False in the future. To maintain current behavior, pass use_reentrant=True. It is recommended that you use use_reentrant=False. Refer to docs for more details on the differences between the two variants.
  warnings.warn(
/opt/conda/envs/llava/lib/python3.10/site-packages/torch/utils/checkpoint.py:460: UserWarning: torch.utils.checkpoint: please pass in use_reentrant=True or use_reentrant=False explicitly. The default value of use_reentrant will be updated to be False in the future. To maintain current behavior, pass use_reentrant=True. It is recommended that you use use_reentrant=False. Refer to docs for more details on the differences between the two variants.
  warnings.warn(
/opt/conda/envs/llava/lib/python3.10/site-packages/torch/utils/checkpoint.py:460: UserWarning: torch.utils.checkpoint: please pass in use_reentrant=True or use_reentrant=False explicitly. The default value of use_reentrant will be updated to be False in the future. To maintain current behavior, pass use_reentrant=True. It is recommended that you use use_reentrant=False. Refer to docs for more details on the differences between the two variants.
  warnings.warn(
/opt/conda/envs/llava/lib/python3.10/site-packages/torch/utils/checkpoint.py:460: UserWarning: torch.utils.checkpoint: please pass in use_reentrant=True or use_reentrant=False explicitly. The default value of use_reentrant will be updated to be False in the future. To maintain current behavior, pass use_reentrant=True. It is recommended that you use use_reentrant=False. Refer to docs for more details on the differences between the two variants.
  warnings.warn(
/opt/conda/envs/llava/lib/python3.10/site-packages/torch/utils/checkpoint.py:460: UserWarning: torch.utils.checkpoint: please pass in use_reentrant=True or use_reentrant=False explicitly. The default value of use_reentrant will be updated to be False in the future. To maintain current behavior, pass use_reentrant=True. It is recommended that you use use_reentrant=False. Refer to docs for more details on the differences between the two variants.
  warnings.warn(
/opt/conda/envs/llava/lib/python3.10/site-packages/torch/utils/checkpoint.py:460: UserWarning: torch.utils.checkpoint: please pass in use_reentrant=True or use_reentrant=False explicitly. The default value of use_reentrant will be updated to be False in the future. To maintain current behavior, pass use_reentrant=True. It is recommended that you use use_reentrant=False. Refer to docs for more details on the differences between the two variants.
  warnings.warn(
/opt/conda/envs/llava/lib/python3.10/site-packages/torch/utils/checkpoint.py:460: UserWarning: torch.utils.checkpoint: please pass in use_reentrant=True or use_reentrant=False explicitly. The default value of use_reentrant will be updated to be False in the future. To maintain current behavior, pass use_reentrant=True. It is recommended that you use use_reentrant=False. Refer to docs for more details on the differences between the two variants.
  warnings.warn(
aieflopsvip-kmaker-033145120215:234188:243534 [0] NCCL INFO Using non-device net plugin version 0
aieflopsvip-kmaker-033145120215:234189:243538 [1] NCCL INFO Using non-device net plugin version 0
aieflopsvip-kmaker-033145120215:234195:243537 [7] NCCL INFO Using non-device net plugin version 0
aieflopsvip-kmaker-033145120215:234190:243541 [2] NCCL INFO Using non-device net plugin version 0
aieflopsvip-kmaker-033145120215:234193:243540 [5] NCCL INFO Using non-device net plugin version 0
aieflopsvip-kmaker-033145120215:234188:243534 [0] NCCL INFO Using network IB
aieflopsvip-kmaker-033145120215:234191:243535 [3] NCCL INFO Using non-device net plugin version 0
aieflopsvip-kmaker-033145120215:234189:243538 [1] NCCL INFO Using network IB
aieflopsvip-kmaker-033145120215:234195:243537 [7] NCCL INFO Using network IB
aieflopsvip-kmaker-033145120215:234194:243539 [6] NCCL INFO Using non-device net plugin version 0
aieflopsvip-kmaker-033145120215:234190:243541 [2] NCCL INFO Using network IB
aieflopsvip-kmaker-033145120215:234193:243540 [5] NCCL INFO Using network IB
aieflopsvip-kmaker-033145120215:234192:243536 [4] NCCL INFO Using non-device net plugin version 0
aieflopsvip-kmaker-033145120215:234191:243535 [3] NCCL INFO Using network IB
aieflopsvip-kmaker-033145120215:234194:243539 [6] NCCL INFO Using network IB
aieflopsvip-kmaker-033145120215:234192:243536 [4] NCCL INFO Using network IB
aieflopsvip-kmaker-033145120215:234188:243534 [0] NCCL INFO bootstrapSplit: rank 0 nranks 32 color 698429859 key 0 prev 31 next 1 - DONE
aieflopsvip-kmaker-033145120215:234189:243538 [1] NCCL INFO bootstrapSplit: rank 1 nranks 32 color 698429859 key 1 prev 0 next 2 - DONE
aieflopsvip-kmaker-033145120215:234188:243534 [0] NCCL INFO comm 0x7fa1ec04e3d0 rank 0 nranks 32 cudaDev 0 nvmlDev 0 busId 21000 commId 0x6ea2d0a76d1b134d - Init START
aieflopsvip-kmaker-033145120215:234189:243538 [1] NCCL INFO comm 0x7fb04004d320 rank 1 nranks 32 cudaDev 1 nvmlDev 1 busId 27000 commId 0x6ea2d0a76d1b134d - Init START
aieflopsvip-kmaker-033145120215:234190:243541 [2] NCCL INFO bootstrapSplit: rank 2 nranks 32 color 698429859 key 2 prev 1 next 3 - DONE
aieflopsvip-kmaker-033145120215:234193:243540 [5] NCCL INFO bootstrapSplit: rank 5 nranks 32 color 698429859 key 5 prev 4 next 6 - DONE
aieflopsvip-kmaker-033145120215:234190:243541 [2] NCCL INFO comm 0x7f588404d580 rank 2 nranks 32 cudaDev 2 nvmlDev 2 busId 51000 commId 0x6ea2d0a76d1b134d - Init START
aieflopsvip-kmaker-033145120215:234194:243539 [6] NCCL INFO bootstrapSplit: rank 6 nranks 32 color 698429859 key 6 prev 5 next 7 - DONE
aieflopsvip-kmaker-033145120215:234192:243536 [4] NCCL INFO bootstrapSplit: rank 4 nranks 32 color 698429859 key 4 prev 3 next 5 - DONE
aieflopsvip-kmaker-033145120215:234195:243537 [7] NCCL INFO bootstrapSplit: rank 7 nranks 32 color 698429859 key 7 prev 6 next 8 - DONE
aieflopsvip-kmaker-033145120215:234191:243535 [3] NCCL INFO bootstrapSplit: rank 3 nranks 32 color 698429859 key 3 prev 2 next 4 - DONE
aieflopsvip-kmaker-033145120215:234193:243540 [5] NCCL INFO comm 0x7fc77404d4a0 rank 5 nranks 32 cudaDev 5 nvmlDev 5 busId 92000 commId 0x6ea2d0a76d1b134d - Init START
aieflopsvip-kmaker-033145120215:234194:243539 [6] NCCL INFO comm 0x7f4c1404d440 rank 6 nranks 32 cudaDev 6 nvmlDev 6 busId c9000 commId 0x6ea2d0a76d1b134d - Init START
aieflopsvip-kmaker-033145120215:234192:243536 [4] NCCL INFO comm 0x7f6fd004d6e0 rank 4 nranks 32 cudaDev 4 nvmlDev 4 busId 8d000 commId 0x6ea2d0a76d1b134d - Init START
aieflopsvip-kmaker-033145120215:234195:243537 [7] NCCL INFO comm 0x7fd09c04d9a0 rank 7 nranks 32 cudaDev 7 nvmlDev 7 busId cf000 commId 0x6ea2d0a76d1b134d - Init START
aieflopsvip-kmaker-033145120215:234191:243535 [3] NCCL INFO comm 0x7f7fc804dab0 rank 3 nranks 32 cudaDev 3 nvmlDev 3 busId 56000 commId 0x6ea2d0a76d1b134d - Init START
aieflopsvip-kmaker-033145120215:234189:243538 [1] NCCL INFO Setting affinity for GPU 1 to ffffffff,00000000,ffffffff
aieflopsvip-kmaker-033145120215:234195:243537 [7] NCCL INFO Setting affinity for GPU 7 to ffffffff,00000000,ffffffff,00000000
aieflopsvip-kmaker-033145120215:234195:243537 [7] NCCL INFO NVLS multicast support is not available on dev 7
aieflopsvip-kmaker-033145120215:234189:243538 [1] NCCL INFO NVLS multicast support is not available on dev 1
aieflopsvip-kmaker-033145120215:234190:243541 [2] NCCL INFO Setting affinity for GPU 2 to ffffffff,00000000,ffffffff
aieflopsvip-kmaker-033145120215:234190:243541 [2] NCCL INFO NVLS multicast support is not available on dev 2
aieflopsvip-kmaker-033145120215:234193:243540 [5] NCCL INFO Setting affinity for GPU 5 to ffffffff,00000000,ffffffff,00000000
aieflopsvip-kmaker-033145120215:234193:243540 [5] NCCL INFO NVLS multicast support is not available on dev 5
aieflopsvip-kmaker-033145120215:234192:243536 [4] NCCL INFO Setting affinity for GPU 4 to ffffffff,00000000,ffffffff,00000000
aieflopsvip-kmaker-033145120215:234191:243535 [3] NCCL INFO Setting affinity for GPU 3 to ffffffff,00000000,ffffffff
aieflopsvip-kmaker-033145120215:234194:243539 [6] NCCL INFO Setting affinity for GPU 6 to ffffffff,00000000,ffffffff,00000000
aieflopsvip-kmaker-033145120215:234188:243534 [0] NCCL INFO Setting affinity for GPU 0 to ffffffff,00000000,ffffffff
aieflopsvip-kmaker-033145120215:234188:243534 [0] NCCL INFO NVLS multicast support is not available on dev 0
aieflopsvip-kmaker-033145120215:234194:243539 [6] NCCL INFO NVLS multicast support is not available on dev 6
aieflopsvip-kmaker-033145120215:234191:243535 [3] NCCL INFO NVLS multicast support is not available on dev 3
aieflopsvip-kmaker-033145120215:234192:243536 [4] NCCL INFO NVLS multicast support is not available on dev 4
aieflopsvip-kmaker-033145120215:234188:243534 [0] NCCL INFO Channel 00/08 :    0   7   6   5   4   3   2   1   8  15  14  13  12  11  10   9  16  23  22  21
aieflopsvip-kmaker-033145120215:234188:243534 [0] NCCL INFO Channel 01/08 :    0   7   6   5   4   3  10   9   8  15  14  13  12  11  18  17  16  23  22  21
aieflopsvip-kmaker-033145120215:234188:243534 [0] NCCL INFO Channel 02/08 :    0   7   6   5  12  11  10   9   8  15  14  13  20  19  18  17  16  23  22  21
aieflopsvip-kmaker-033145120215:234188:243534 [0] NCCL INFO Channel 03/08 :    0   7  14  13  12  11  10   9   8  15  22  21  20  19  18  17  16  23  30  29
aieflopsvip-kmaker-033145120215:234188:243534 [0] NCCL INFO Channel 04/08 :    0   7   6   5   4   3   2   1   8  15  14  13  12  11  10   9  16  23  22  21
aieflopsvip-kmaker-033145120215:234190:243541 [2] NCCL INFO Trees [0] 3/-1/-1->2->1 [1] 3/18/-1->2->-1 [2] 3/-1/-1->2->1 [3] 3/-1/-1->2->1 [4] 3/-1/-1->2->1 [5] 3/-1/-1->2->10 [6] 3/-1/-1->2->1 [7] 3/-1/-1->2->1
aieflopsvip-kmaker-033145120215:234188:243534 [0] NCCL INFO Channel 05/08 :    0   7   6   5   4   3  10   9   8  15  14  13  12  11  18  17  16  23  22  21
aieflopsvip-kmaker-033145120215:234190:243541 [2] NCCL INFO P2P Chunksize set to 131072
aieflopsvip-kmaker-033145120215:234188:243534 [0] NCCL INFO Channel 06/08 :    0   7   6   5  12  11  10   9   8  15  14  13  20  19  18  17  16  23  22  21
aieflopsvip-kmaker-033145120215:234188:243534 [0] NCCL INFO Channel 07/08 :    0   7  14  13  12  11  10   9   8  15  22  21  20  19  18  17  16  23  30  29
aieflopsvip-kmaker-033145120215:234188:243534 [0] NCCL INFO Trees [0] 1/16/-1->0->-1 [1] 1/-1/-1->0->7 [2] 1/-1/-1->0->7 [3] 1/-1/-1->0->7 [4] 1/-1/-1->0->8 [5] 1/-1/-1->0->7 [6] 1/-1/-1->0->7 [7] 1/-1/-1->0->7
aieflopsvip-kmaker-033145120215:234188:243534 [0] NCCL INFO P2P Chunksize set to 131072
aieflopsvip-kmaker-033145120215:234195:243537 [7] NCCL INFO Trees [0] -1/-1/-1->7->6 [1] 0/-1/-1->7->6 [2] 0/-1/-1->7->6 [3] 0/-1/-1->7->6 [4] -1/-1/-1->7->6 [5] 0/-1/-1->7->6 [6] 0/-1/-1->7->6 [7] 0/-1/-1->7->6
aieflopsvip-kmaker-033145120215:234194:243539 [6] NCCL INFO Trees [0] 7/-1/-1->6->5 [1] 7/-1/-1->6->5 [2] 7/-1/-1->6->5 [3] 7/22/-1->6->-1 [4] 7/-1/-1->6->5 [5] 7/-1/-1->6->5 [6] 7/-1/-1->6->5 [7] 7/-1/-1->6->14
aieflopsvip-kmaker-033145120215:234195:243537 [7] NCCL INFO P2P Chunksize set to 131072
aieflopsvip-kmaker-033145120215:234192:243536 [4] NCCL INFO Trees [0] 5/-1/-1->4->3 [1] 5/-1/-1->4->3 [2] 5/20/-1->4->-1 [3] 5/-1/-1->4->3 [4] 5/-1/-1->4->3 [5] 5/-1/-1->4->3 [6] 5/-1/-1->4->12 [7] 5/-1/-1->4->3
aieflopsvip-kmaker-033145120215:234194:243539 [6] NCCL INFO P2P Chunksize set to 131072
aieflopsvip-kmaker-033145120215:234191:243535 [3] NCCL INFO Trees [0] 4/-1/-1->3->2 [1] 4/-1/-1->3->2 [2] -1/-1/-1->3->2 [3] 4/-1/-1->3->2 [4] 4/-1/-1->3->2 [5] 4/-1/-1->3->2 [6] -1/-1/-1->3->2 [7] 4/-1/-1->3->2
aieflopsvip-kmaker-033145120215:234192:243536 [4] NCCL INFO P2P Chunksize set to 131072
aieflopsvip-kmaker-033145120215:234191:243535 [3] NCCL INFO P2P Chunksize set to 131072
aieflopsvip-kmaker-033145120215:234189:243538 [1] NCCL INFO Trees [0] 2/-1/-1->1->0 [1] -1/-1/-1->1->0 [2] 2/-1/-1->1->0 [3] 2/-1/-1->1->0 [4] 2/-1/-1->1->0 [5] -1/-1/-1->1->0 [6] 2/-1/-1->1->0 [7] 2/-1/-1->1->0
aieflopsvip-kmaker-033145120215:234189:243538 [1] NCCL INFO P2P Chunksize set to 131072
aieflopsvip-kmaker-033145120215:234193:243540 [5] NCCL INFO Trees [0] 6/-1/-1->5->4 [1] 6/-1/-1->5->4 [2] 6/-1/-1->5->4 [3] -1/-1/-1->5->4 [4] 6/-1/-1->5->4 [5] 6/-1/-1->5->4 [6] 6/-1/-1->5->4 [7] -1/-1/-1->5->4
aieflopsvip-kmaker-033145120215:234193:243540 [5] NCCL INFO P2P Chunksize set to 131072
aieflopsvip-kmaker-033145120215:234190:243541 [2] NCCL INFO Channel 01/0 : 27[3] -> 2[2] [receive] via NET/IB/3/GDRDMA
aieflopsvip-kmaker-033145120215:234190:243541 [2] NCCL INFO Channel 05/0 : 27[3] -> 2[2] [receive] via NET/IB/3/GDRDMA
aieflopsvip-kmaker-033145120215:234188:243534 [0] NCCL INFO Channel 00/0 : 25[1] -> 0[0] [receive] via NET/IB/2/GDRDMA
aieflopsvip-kmaker-033145120215:234194:243539 [6] NCCL INFO Channel 03/0 : 31[7] -> 6[6] [receive] via NET/IB/1/GDRDMA
aieflopsvip-kmaker-033145120215:234188:243534 [0] NCCL INFO Channel 04/0 : 25[1] -> 0[0] [receive] via NET/IB/2/GDRDMA
aieflopsvip-kmaker-033145120215:234188:243534 [0] NCCL INFO Channel 00/0 : 0[0] -> 7[7] via P2P/CUMEM/read
aieflopsvip-kmaker-033145120215:234194:243539 [6] NCCL INFO Channel 07/0 : 31[7] -> 6[6] [receive] via NET/IB/1/GDRDMA
aieflopsvip-kmaker-033145120215:234189:243538 [1] NCCL INFO Channel 00/0 : 1[1] -> 8[0] [send] via NET/IB/2/GDRDMA
aieflopsvip-kmaker-033145120215:234192:243536 [4] NCCL INFO Channel 02/0 : 29[5] -> 4[4] [receive] via NET/IB/0/GDRDMA
aieflopsvip-kmaker-033145120215:234189:243538 [1] NCCL INFO Channel 04/0 : 1[1] -> 8[0] [send] via NET/IB/2/GDRDMA
aieflopsvip-kmaker-033145120215:234193:243540 [5] NCCL INFO Channel 02/0 : 5[5] -> 12[4] [send] via NET/IB/0/GDRDMA
aieflopsvip-kmaker-033145120215:234192:243536 [4] NCCL INFO Channel 06/0 : 29[5] -> 4[4] [receive] via NET/IB/0/GDRDMA
aieflopsvip-kmaker-033145120215:234193:243540 [5] NCCL INFO Channel 06/0 : 5[5] -> 12[4] [send] via NET/IB/0/GDRDMA
aieflopsvip-kmaker-033145120215:234191:243535 [3] NCCL INFO Channel 01/0 : 3[3] -> 10[2] [send] via NET/IB/3/GDRDMA
aieflopsvip-kmaker-033145120215:234191:243535 [3] NCCL INFO Channel 05/0 : 3[3] -> 10[2] [send] via NET/IB/3/GDRDMA
aieflopsvip-kmaker-033145120215:234188:243534 [0] NCCL INFO Channel 01/0 : 0[0] -> 7[7] via P2P/CUMEM/read
aieflopsvip-kmaker-033145120215:234188:243534 [0] NCCL INFO Channel 02/0 : 0[0] -> 7[7] via P2P/CUMEM/read
aieflopsvip-kmaker-033145120215:234188:243534 [0] NCCL INFO Channel 03/0 : 0[0] -> 7[7] via P2P/CUMEM/read
aieflopsvip-kmaker-033145120215:234188:243534 [0] NCCL INFO Channel 04/0 : 0[0] -> 7[7] via P2P/CUMEM/read
aieflopsvip-kmaker-033145120215:234195:243537 [7] NCCL INFO Channel 03/0 : 7[7] -> 14[6] [send] via NET/IB/1/GDRDMA
aieflopsvip-kmaker-033145120215:234195:243537 [7] NCCL INFO Channel 07/0 : 7[7] -> 14[6] [send] via NET/IB/1/GDRDMA
aieflopsvip-kmaker-033145120215:234188:243534 [0] NCCL INFO Channel 05/0 : 0[0] -> 7[7] via P2P/CUMEM/read
aieflopsvip-kmaker-033145120215:234188:243534 [0] NCCL INFO Channel 06/0 : 0[0] -> 7[7] via P2P/CUMEM/read
aieflopsvip-kmaker-033145120215:234188:243534 [0] NCCL INFO Channel 07/0 : 0[0] -> 7[7] via P2P/CUMEM/read
aieflopsvip-kmaker-033145120215:234195:243537 [7] NCCL INFO Channel 00/0 : 7[7] -> 6[6] via P2P/CUMEM/read
aieflopsvip-kmaker-033145120215:234193:243540 [5] NCCL INFO Channel 00/0 : 5[5] -> 4[4] via P2P/CUMEM/read
aieflopsvip-kmaker-033145120215:234191:243535 [3] NCCL INFO Channel 00/0 : 3[3] -> 2[2] via P2P/CUMEM/read
aieflopsvip-kmaker-033145120215:234195:243537 [7] NCCL INFO Channel 01/0 : 7[7] -> 6[6] via P2P/CUMEM/read
aieflopsvip-kmaker-033145120215:234193:243540 [5] NCCL INFO Channel 01/0 : 5[5] -> 4[4] via P2P/CUMEM/read
aieflopsvip-kmaker-033145120215:234189:243538 [1] NCCL INFO Channel 01/0 : 1[1] -> 0[0] via P2P/CUMEM/read
aieflopsvip-kmaker-033145120215:234191:243535 [3] NCCL INFO Channel 02/0 : 3[3] -> 2[2] via P2P/CUMEM/read
aieflopsvip-kmaker-033145120215:234195:243537 [7] NCCL INFO Channel 02/0 : 7[7] -> 6[6] via P2P/CUMEM/read
aieflopsvip-kmaker-033145120215:234193:243540 [5] NCCL INFO Channel 03/0 : 5[5] -> 4[4] via P2P/CUMEM/read
aieflopsvip-kmaker-033145120215:234189:243538 [1] NCCL INFO Channel 02/0 : 1[1] -> 0[0] via P2P/CUMEM/read
aieflopsvip-kmaker-033145120215:234191:243535 [3] NCCL INFO Channel 03/0 : 3[3] -> 2[2] via P2P/CUMEM/read
aieflopsvip-kmaker-033145120215:234195:243537 [7] NCCL INFO Channel 04/0 : 7[7] -> 6[6] via P2P/CUMEM/read
aieflopsvip-kmaker-033145120215:234193:243540 [5] NCCL INFO Channel 04/0 : 5[5] -> 4[4] via P2P/CUMEM/read
aieflopsvip-kmaker-033145120215:234189:243538 [1] NCCL INFO Channel 03/0 : 1[1] -> 0[0] via P2P/CUMEM/read
aieflopsvip-kmaker-033145120215:234191:243535 [3] NCCL INFO Channel 04/0 : 3[3] -> 2[2] via P2P/CUMEM/read
aieflopsvip-kmaker-033145120215:234195:243537 [7] NCCL INFO Channel 05/0 : 7[7] -> 6[6] via P2P/CUMEM/read
aieflopsvip-kmaker-033145120215:234193:243540 [5] NCCL INFO Channel 05/0 : 5[5] -> 4[4] via P2P/CUMEM/read
aieflopsvip-kmaker-033145120215:234191:243535 [3] NCCL INFO Channel 06/0 : 3[3] -> 2[2] via P2P/CUMEM/read
aieflopsvip-kmaker-033145120215:234195:243537 [7] NCCL INFO Channel 06/0 : 7[7] -> 6[6] via P2P/CUMEM/read
aieflopsvip-kmaker-033145120215:234189:243538 [1] NCCL INFO Channel 05/0 : 1[1] -> 0[0] via P2P/CUMEM/read
aieflopsvip-kmaker-033145120215:234193:243540 [5] NCCL INFO Channel 07/0 : 5[5] -> 4[4] via P2P/CUMEM/read
aieflopsvip-kmaker-033145120215:234191:243535 [3] NCCL INFO Channel 07/0 : 3[3] -> 2[2] via P2P/CUMEM/read
aieflopsvip-kmaker-033145120215:234189:243538 [1] NCCL INFO Channel 06/0 : 1[1] -> 0[0] via P2P/CUMEM/read
aieflopsvip-kmaker-033145120215:234189:243538 [1] NCCL INFO Channel 07/0 : 1[1] -> 0[0] via P2P/CUMEM/read
aieflopsvip-kmaker-033145120215:234192:243536 [4] NCCL INFO Channel 00/0 : 4[4] -> 3[3] via P2P/CUMEM/read
aieflopsvip-kmaker-033145120215:234192:243536 [4] NCCL INFO Channel 01/0 : 4[4] -> 3[3] via P2P/CUMEM/read
aieflopsvip-kmaker-033145120215:234192:243536 [4] NCCL INFO Channel 02/0 : 4[4] -> 3[3] via P2P/CUMEM/read
aieflopsvip-kmaker-033145120215:234192:243536 [4] NCCL INFO Channel 03/0 : 4[4] -> 3[3] via P2P/CUMEM/read
aieflopsvip-kmaker-033145120215:234192:243536 [4] NCCL INFO Channel 04/0 : 4[4] -> 3[3] via P2P/CUMEM/read
aieflopsvip-kmaker-033145120215:234192:243536 [4] NCCL INFO Channel 05/0 : 4[4] -> 3[3] via P2P/CUMEM/read
aieflopsvip-kmaker-033145120215:234192:243536 [4] NCCL INFO Channel 06/0 : 4[4] -> 3[3] via P2P/CUMEM/read
aieflopsvip-kmaker-033145120215:234190:243541 [2] NCCL INFO Channel 00/0 : 2[2] -> 1[1] via P2P/CUMEM/read
aieflopsvip-kmaker-033145120215:234192:243536 [4] NCCL INFO Channel 07/0 : 4[4] -> 3[3] via P2P/CUMEM/read
aieflopsvip-kmaker-033145120215:234190:243541 [2] NCCL INFO Channel 01/0 : 2[2] -> 1[1] via P2P/CUMEM/read
aieflopsvip-kmaker-033145120215:234190:243541 [2] NCCL INFO Channel 02/0 : 2[2] -> 1[1] via P2P/CUMEM/read
aieflopsvip-kmaker-033145120215:234190:243541 [2] NCCL INFO Channel 03/0 : 2[2] -> 1[1] via P2P/CUMEM/read
aieflopsvip-kmaker-033145120215:234190:243541 [2] NCCL INFO Channel 04/0 : 2[2] -> 1[1] via P2P/CUMEM/read
aieflopsvip-kmaker-033145120215:234190:243541 [2] NCCL INFO Channel 05/0 : 2[2] -> 1[1] via P2P/CUMEM/read
aieflopsvip-kmaker-033145120215:234190:243541 [2] NCCL INFO Channel 06/0 : 2[2] -> 1[1] via P2P/CUMEM/read
aieflopsvip-kmaker-033145120215:234190:243541 [2] NCCL INFO Channel 07/0 : 2[2] -> 1[1] via P2P/CUMEM/read
aieflopsvip-kmaker-033145120215:234194:243539 [6] NCCL INFO Channel 00/0 : 6[6] -> 5[5] via P2P/CUMEM/read
aieflopsvip-kmaker-033145120215:234194:243539 [6] NCCL INFO Channel 01/0 : 6[6] -> 5[5] via P2P/CUMEM/read
aieflopsvip-kmaker-033145120215:234194:243539 [6] NCCL INFO Channel 02/0 : 6[6] -> 5[5] via P2P/CUMEM/read
aieflopsvip-kmaker-033145120215:234194:243539 [6] NCCL INFO Channel 03/0 : 6[6] -> 5[5] via P2P/CUMEM/read
aieflopsvip-kmaker-033145120215:234194:243539 [6] NCCL INFO Channel 04/0 : 6[6] -> 5[5] via P2P/CUMEM/read
aieflopsvip-kmaker-033145120215:234194:243539 [6] NCCL INFO Channel 05/0 : 6[6] -> 5[5] via P2P/CUMEM/read
aieflopsvip-kmaker-033145120215:234194:243539 [6] NCCL INFO Channel 06/0 : 6[6] -> 5[5] via P2P/CUMEM/read
aieflopsvip-kmaker-033145120215:234194:243539 [6] NCCL INFO Channel 07/0 : 6[6] -> 5[5] via P2P/CUMEM/read
aieflopsvip-kmaker-033145120215:234192:243536 [4] NCCL INFO Connected all rings
aieflopsvip-kmaker-033145120215:234193:243540 [5] NCCL INFO Connected all rings
aieflopsvip-kmaker-033145120215:234195:243537 [7] NCCL INFO Connected all rings
aieflopsvip-kmaker-033145120215:234194:243539 [6] NCCL INFO Connected all rings
aieflopsvip-kmaker-033145120215:234188:243534 [0] NCCL INFO Connected all rings
aieflopsvip-kmaker-033145120215:234189:243538 [1] NCCL INFO Connected all rings
aieflopsvip-kmaker-033145120215:234190:243541 [2] NCCL INFO Connected all rings
aieflopsvip-kmaker-033145120215:234191:243535 [3] NCCL INFO Connected all rings
aieflopsvip-kmaker-033145120215:234188:243534 [0] NCCL INFO Channel 00/0 : 0[0] -> 1[1] via P2P/CUMEM/read
aieflopsvip-kmaker-033145120215:234188:243534 [0] NCCL INFO Channel 01/0 : 0[0] -> 1[1] via P2P/CUMEM/read
aieflopsvip-kmaker-033145120215:234188:243534 [0] NCCL INFO Channel 02/0 : 0[0] -> 1[1] via P2P/CUMEM/read
aieflopsvip-kmaker-033145120215:234188:243534 [0] NCCL INFO Channel 03/0 : 0[0] -> 1[1] via P2P/CUMEM/read
aieflopsvip-kmaker-033145120215:234188:243534 [0] NCCL INFO Channel 04/0 : 0[0] -> 1[1] via P2P/CUMEM/read
aieflopsvip-kmaker-033145120215:234188:243534 [0] NCCL INFO Channel 05/0 : 0[0] -> 1[1] via P2P/CUMEM/read
aieflopsvip-kmaker-033145120215:234192:243536 [4] NCCL INFO Channel 00/0 : 4[4] -> 5[5] via P2P/CUMEM/read
aieflopsvip-kmaker-033145120215:234194:243539 [6] NCCL INFO Channel 00/0 : 6[6] -> 7[7] via P2P/CUMEM/read
aieflopsvip-kmaker-033145120215:234190:243541 [2] NCCL INFO Channel 00/0 : 2[2] -> 3[3] via P2P/CUMEM/read
aieflopsvip-kmaker-033145120215:234188:243534 [0] NCCL INFO Channel 06/0 : 0[0] -> 1[1] via P2P/CUMEM/read
aieflopsvip-kmaker-033145120215:234192:243536 [4] NCCL INFO Channel 01/0 : 4[4] -> 5[5] via P2P/CUMEM/read
aieflopsvip-kmaker-033145120215:234194:243539 [6] NCCL INFO Channel 01/0 : 6[6] -> 7[7] via P2P/CUMEM/read
aieflopsvip-kmaker-033145120215:234190:243541 [2] NCCL INFO Channel 01/0 : 2[2] -> 3[3] via P2P/CUMEM/read
aieflopsvip-kmaker-033145120215:234188:243534 [0] NCCL INFO Channel 07/0 : 0[0] -> 1[1] via P2P/CUMEM/read
aieflopsvip-kmaker-033145120215:234192:243536 [4] NCCL INFO Channel 02/0 : 4[4] -> 5[5] via P2P/CUMEM/read
aieflopsvip-kmaker-033145120215:234193:243540 [5] NCCL INFO Channel 00/0 : 5[5] -> 6[6] via P2P/CUMEM/read
aieflopsvip-kmaker-033145120215:234194:243539 [6] NCCL INFO Channel 02/0 : 6[6] -> 7[7] via P2P/CUMEM/read
aieflopsvip-kmaker-033145120215:234189:243538 [1] NCCL INFO Channel 00/0 : 1[1] -> 2[2] via P2P/CUMEM/read
aieflopsvip-kmaker-033145120215:234190:243541 [2] NCCL INFO Channel 02/0 : 2[2] -> 3[3] via P2P/CUMEM/read
aieflopsvip-kmaker-033145120215:234191:243535 [3] NCCL INFO Channel 00/0 : 3[3] -> 4[4] via P2P/CUMEM/read
aieflopsvip-kmaker-033145120215:234192:243536 [4] NCCL INFO Channel 03/0 : 4[4] -> 5[5] via P2P/CUMEM/read
aieflopsvip-kmaker-033145120215:234193:243540 [5] NCCL INFO Channel 01/0 : 5[5] -> 6[6] via P2P/CUMEM/read
aieflopsvip-kmaker-033145120215:234194:243539 [6] NCCL INFO Channel 03/0 : 6[6] -> 7[7] via P2P/CUMEM/read
aieflopsvip-kmaker-033145120215:234189:243538 [1] NCCL INFO Channel 02/0 : 1[1] -> 2[2] via P2P/CUMEM/read
aieflopsvip-kmaker-033145120215:234190:243541 [2] NCCL INFO Channel 03/0 : 2[2] -> 3[3] via P2P/CUMEM/read
aieflopsvip-kmaker-033145120215:234191:243535 [3] NCCL INFO Channel 01/0 : 3[3] -> 4[4] via P2P/CUMEM/read
aieflopsvip-kmaker-033145120215:234192:243536 [4] NCCL INFO Channel 04/0 : 4[4] -> 5[5] via P2P/CUMEM/read
aieflopsvip-kmaker-033145120215:234193:243540 [5] NCCL INFO Channel 02/0 : 5[5] -> 6[6] via P2P/CUMEM/read
aieflopsvip-kmaker-033145120215:234194:243539 [6] NCCL INFO Channel 04/0 : 6[6] -> 7[7] via P2P/CUMEM/read
aieflopsvip-kmaker-033145120215:234189:243538 [1] NCCL INFO Channel 03/0 : 1[1] -> 2[2] via P2P/CUMEM/read
aieflopsvip-kmaker-033145120215:234190:243541 [2] NCCL INFO Channel 04/0 : 2[2] -> 3[3] via P2P/CUMEM/read
aieflopsvip-kmaker-033145120215:234191:243535 [3] NCCL INFO Channel 03/0 : 3[3] -> 4[4] via P2P/CUMEM/read
aieflopsvip-kmaker-033145120215:234192:243536 [4] NCCL INFO Channel 05/0 : 4[4] -> 5[5] via P2P/CUMEM/read
aieflopsvip-kmaker-033145120215:234193:243540 [5] NCCL INFO Channel 04/0 : 5[5] -> 6[6] via P2P/CUMEM/read
aieflopsvip-kmaker-033145120215:234194:243539 [6] NCCL INFO Channel 05/0 : 6[6] -> 7[7] via P2P/CUMEM/read
aieflopsvip-kmaker-033145120215:234189:243538 [1] NCCL INFO Channel 04/0 : 1[1] -> 2[2] via P2P/CUMEM/read
aieflopsvip-kmaker-033145120215:234190:243541 [2] NCCL INFO Channel 05/0 : 2[2] -> 3[3] via P2P/CUMEM/read
aieflopsvip-kmaker-033145120215:234191:243535 [3] NCCL INFO Channel 04/0 : 3[3] -> 4[4] via P2P/CUMEM/read
aieflopsvip-kmaker-033145120215:234192:243536 [4] NCCL INFO Channel 06/0 : 4[4] -> 5[5] via P2P/CUMEM/read
aieflopsvip-kmaker-033145120215:234193:243540 [5] NCCL INFO Channel 05/0 : 5[5] -> 6[6] via P2P/CUMEM/read
aieflopsvip-kmaker-033145120215:234194:243539 [6] NCCL INFO Channel 06/0 : 6[6] -> 7[7] via P2P/CUMEM/read
aieflopsvip-kmaker-033145120215:234189:243538 [1] NCCL INFO Channel 06/0 : 1[1] -> 2[2] via P2P/CUMEM/read
aieflopsvip-kmaker-033145120215:234190:243541 [2] NCCL INFO Channel 06/0 : 2[2] -> 3[3] via P2P/CUMEM/read
aieflopsvip-kmaker-033145120215:234191:243535 [3] NCCL INFO Channel 05/0 : 3[3] -> 4[4] via P2P/CUMEM/read
aieflopsvip-kmaker-033145120215:234192:243536 [4] NCCL INFO Channel 07/0 : 4[4] -> 5[5] via P2P/CUMEM/read
aieflopsvip-kmaker-033145120215:234193:243540 [5] NCCL INFO Channel 06/0 : 5[5] -> 6[6] via P2P/CUMEM/read
aieflopsvip-kmaker-033145120215:234194:243539 [6] NCCL INFO Channel 07/0 : 6[6] -> 7[7] via P2P/CUMEM/read
aieflopsvip-kmaker-033145120215:234189:243538 [1] NCCL INFO Channel 07/0 : 1[1] -> 2[2] via P2P/CUMEM/read
aieflopsvip-kmaker-033145120215:234190:243541 [2] NCCL INFO Channel 07/0 : 2[2] -> 3[3] via P2P/CUMEM/read
aieflopsvip-kmaker-033145120215:234191:243535 [3] NCCL INFO Channel 07/0 : 3[3] -> 4[4] via P2P/CUMEM/read
aieflopsvip-kmaker-033145120215:234193:243540 [5] NCCL INFO Channel 02/0 : 5[5] -> 4[4] via P2P/CUMEM/read
aieflopsvip-kmaker-033145120215:234195:243537 [7] NCCL INFO Channel 01/0 : 7[7] -> 0[0] via P2P/CUMEM/read
aieflopsvip-kmaker-033145120215:234194:243539 [6] NCCL INFO Channel 07/0 : 6[6] -> 14[6] [send] via NET/IB/1/GDRDMA
aieflopsvip-kmaker-033145120215:234188:243534 [0] NCCL INFO Channel 04/0 : 0[0] -> 8[0] [send] via NET/IB/2/GDRDMA
aieflopsvip-kmaker-033145120215:234189:243538 [1] NCCL INFO Channel 00/0 : 1[1] -> 0[0] via P2P/CUMEM/read
aieflopsvip-kmaker-033145120215:234190:243541 [2] NCCL INFO Channel 05/0 : 2[2] -> 10[2] [send] via NET/IB/3/GDRDMA
aieflopsvip-kmaker-033145120215:234194:243539 [6] NCCL INFO Channel 03/0 : 22[6] -> 6[6] [receive] via NET/IB/1/GDRDMA
aieflopsvip-kmaker-033145120215:234188:243534 [0] NCCL INFO Channel 00/0 : 16[0] -> 0[0] [receive] via NET/IB/2/GDRDMA
aieflopsvip-kmaker-033145120215:234191:243535 [3] NCCL INFO Channel 01/0 : 3[3] -> 2[2] via P2P/CUMEM/read
aieflopsvip-kmaker-033145120215:234192:243536 [4] NCCL INFO Channel 06/0 : 4[4] -> 12[4] [send] via NET/IB/0/GDRDMA
aieflopsvip-kmaker-033145120215:234194:243539 [6] NCCL INFO Channel 03/0 : 6[6] -> 22[6] [send] via NET/IB/1/GDRDMA
aieflopsvip-kmaker-033145120215:234188:243534 [0] NCCL INFO Channel 00/0 : 0[0] -> 16[0] [send] via NET/IB/2/GDRDMA
aieflopsvip-kmaker-033145120215:234194:243539 [6] NCCL INFO Channel 07/0 : 14[6] -> 6[6] [receive] via NET/IB/1/GDRDMA
aieflopsvip-kmaker-033145120215:234190:243541 [2] NCCL INFO Channel 01/0 : 18[2] -> 2[2] [receive] via NET/IB/3/GDRDMA
aieflopsvip-kmaker-033145120215:234192:243536 [4] NCCL INFO Channel 02/0 : 20[4] -> 4[4] [receive] via NET/IB/0/GDRDMA
aieflopsvip-kmaker-033145120215:234188:243534 [0] NCCL INFO Channel 04/0 : 8[0] -> 0[0] [receive] via NET/IB/2/GDRDMA
aieflopsvip-kmaker-033145120215:234192:243536 [4] NCCL INFO Channel 02/0 : 4[4] -> 20[4] [send] via NET/IB/0/GDRDMA
aieflopsvip-kmaker-033145120215:234190:243541 [2] NCCL INFO Channel 01/0 : 2[2] -> 18[2] [send] via NET/IB/3/GDRDMA
aieflopsvip-kmaker-033145120215:234192:243536 [4] NCCL INFO Channel 06/0 : 12[4] -> 4[4] [receive] via NET/IB/0/GDRDMA
aieflopsvip-kmaker-033145120215:234190:243541 [2] NCCL INFO Channel 05/0 : 10[2] -> 2[2] [receive] via NET/IB/3/GDRDMA
aieflopsvip-kmaker-033145120215:234193:243540 [5] NCCL INFO Channel 06/0 : 5[5] -> 4[4] via P2P/CUMEM/read
aieflopsvip-kmaker-033145120215:234195:243537 [7] NCCL INFO Channel 02/0 : 7[7] -> 0[0] via P2P/CUMEM/read
aieflopsvip-kmaker-033145120215:234189:243538 [1] NCCL INFO Channel 04/0 : 1[1] -> 0[0] via P2P/CUMEM/read
aieflopsvip-kmaker-033145120215:234191:243535 [3] NCCL INFO Channel 05/0 : 3[3] -> 2[2] via P2P/CUMEM/read
aieflopsvip-kmaker-033145120215:234195:243537 [7] NCCL INFO Channel 03/0 : 7[7] -> 0[0] via P2P/CUMEM/read
aieflopsvip-kmaker-033145120215:234195:243537 [7] NCCL INFO Channel 05/0 : 7[7] -> 0[0] via P2P/CUMEM/read
aieflopsvip-kmaker-033145120215:234195:243537 [7] NCCL INFO Channel 06/0 : 7[7] -> 0[0] via P2P/CUMEM/read
aieflopsvip-kmaker-033145120215:234195:243537 [7] NCCL INFO Channel 07/0 : 7[7] -> 0[0] via P2P/CUMEM/read
aieflopsvip-kmaker-033145120215:234195:243537 [7] NCCL INFO Channel 03/0 : 7[7] -> 6[6] via P2P/CUMEM/read
aieflopsvip-kmaker-033145120215:234195:243537 [7] NCCL INFO Channel 07/0 : 7[7] -> 6[6] via P2P/CUMEM/read
aieflopsvip-kmaker-033145120215:234193:243540 [5] NCCL INFO Connected all trees
aieflopsvip-kmaker-033145120215:234192:243536 [4] NCCL INFO Connected all trees
aieflopsvip-kmaker-033145120215:234193:243540 [5] NCCL INFO threadThresholds 8/8/64 | 256/8/64 | 512 | 512
aieflopsvip-kmaker-033145120215:234193:243540 [5] NCCL INFO 8 coll channels, 0 nvls channels, 8 p2p channels, 2 p2p channels per peer
aieflopsvip-kmaker-033145120215:234192:243536 [4] NCCL INFO threadThresholds 8/8/64 | 256/8/64 | 512 | 512
aieflopsvip-kmaker-033145120215:234192:243536 [4] NCCL INFO 8 coll channels, 0 nvls channels, 8 p2p channels, 2 p2p channels per peer
aieflopsvip-kmaker-033145120215:234190:243541 [2] NCCL INFO Connected all trees
aieflopsvip-kmaker-033145120215:234191:243535 [3] NCCL INFO Connected all trees
aieflopsvip-kmaker-033145120215:234190:243541 [2] NCCL INFO threadThresholds 8/8/64 | 256/8/64 | 512 | 512
aieflopsvip-kmaker-033145120215:234190:243541 [2] NCCL INFO 8 coll channels, 0 nvls channels, 8 p2p channels, 2 p2p channels per peer
aieflopsvip-kmaker-033145120215:234191:243535 [3] NCCL INFO threadThresholds 8/8/64 | 256/8/64 | 512 | 512
aieflopsvip-kmaker-033145120215:234191:243535 [3] NCCL INFO 8 coll channels, 0 nvls channels, 8 p2p channels, 2 p2p channels per peer
aieflopsvip-kmaker-033145120215:234188:243534 [0] NCCL INFO Connected all trees
aieflopsvip-kmaker-033145120215:234189:243538 [1] NCCL INFO Connected all trees
aieflopsvip-kmaker-033145120215:234195:243537 [7] NCCL INFO Connected all trees
aieflopsvip-kmaker-033145120215:234194:243539 [6] NCCL INFO Connected all trees
aieflopsvip-kmaker-033145120215:234189:243538 [1] NCCL INFO threadThresholds 8/8/64 | 256/8/64 | 512 | 512
aieflopsvip-kmaker-033145120215:234189:243538 [1] NCCL INFO 8 coll channels, 0 nvls channels, 8 p2p channels, 2 p2p channels per peer
aieflopsvip-kmaker-033145120215:234195:243537 [7] NCCL INFO threadThresholds 8/8/64 | 256/8/64 | 512 | 512
aieflopsvip-kmaker-033145120215:234195:243537 [7] NCCL INFO 8 coll channels, 0 nvls channels, 8 p2p channels, 2 p2p channels per peer
aieflopsvip-kmaker-033145120215:234194:243539 [6] NCCL INFO threadThresholds 8/8/64 | 256/8/64 | 512 | 512
aieflopsvip-kmaker-033145120215:234194:243539 [6] NCCL INFO 8 coll channels, 0 nvls channels, 8 p2p channels, 2 p2p channels per peer
aieflopsvip-kmaker-033145120215:234188:243534 [0] NCCL INFO threadThresholds 8/8/64 | 256/8/64 | 512 | 512
aieflopsvip-kmaker-033145120215:234188:243534 [0] NCCL INFO 8 coll channels, 0 nvls channels, 8 p2p channels, 2 p2p channels per peer
aieflopsvip-kmaker-033145120215:234190:243541 [2] NCCL INFO comm 0x7f588404d580 rank 2 nranks 32 cudaDev 2 nvmlDev 2 busId 51000 commId 0x6ea2d0a76d1b134d - Init COMPLETE
aieflopsvip-kmaker-033145120215:234192:243536 [4] NCCL INFO comm 0x7f6fd004d6e0 rank 4 nranks 32 cudaDev 4 nvmlDev 4 busId 8d000 commId 0x6ea2d0a76d1b134d - Init COMPLETE
aieflopsvip-kmaker-033145120215:234188:243534 [0] NCCL INFO comm 0x7fa1ec04e3d0 rank 0 nranks 32 cudaDev 0 nvmlDev 0 busId 21000 commId 0x6ea2d0a76d1b134d - Init COMPLETE
aieflopsvip-kmaker-033145120215:234194:243539 [6] NCCL INFO comm 0x7f4c1404d440 rank 6 nranks 32 cudaDev 6 nvmlDev 6 busId c9000 commId 0x6ea2d0a76d1b134d - Init COMPLETE
aieflopsvip-kmaker-033145120215:234195:243537 [7] NCCL INFO comm 0x7fd09c04d9a0 rank 7 nranks 32 cudaDev 7 nvmlDev 7 busId cf000 commId 0x6ea2d0a76d1b134d - Init COMPLETE
aieflopsvip-kmaker-033145120215:234191:243535 [3] NCCL INFO comm 0x7f7fc804dab0 rank 3 nranks 32 cudaDev 3 nvmlDev 3 busId 56000 commId 0x6ea2d0a76d1b134d - Init COMPLETE
aieflopsvip-kmaker-033145120215:234189:243538 [1] NCCL INFO comm 0x7fb04004d320 rank 1 nranks 32 cudaDev 1 nvmlDev 1 busId 27000 commId 0x6ea2d0a76d1b134d - Init COMPLETE
aieflopsvip-kmaker-033145120215:234193:243540 [5] NCCL INFO comm 0x7fc77404d4a0 rank 5 nranks 32 cudaDev 5 nvmlDev 5 busId 92000 commId 0x6ea2d0a76d1b134d - Init COMPLETE
/opt/conda/envs/llava/lib/python3.10/site-packages/torch/autograd/__init__.py:266: UserWarning: c10d::broadcast_: an autograd kernel was not registered to the Autograd key(s) but we are trying to backprop through it. This may lead to silently incorrect behavior. This behavior is deprecated and will be removed in a future version of PyTorch. If your operator is differentiable, please ensure you have registered an autograd kernel to the correct Autograd key (e.g. DispatchKey::Autograd, DispatchKey::CompositeImplicitAutograd). If your operator is not differentiable, or to squash this warning and use the previous behavior, please register torch::CppFunction::makeFallthrough() to DispatchKey::Autograd. (Triggered internally at /opt/conda/conda-bld/pytorch_1708025847130/work/torch/csrc/autograd/autograd_not_implemented_fallback.cpp:63.)
  Variable._execution_engine.run_backward(  # Calls into the C++ engine to run the backward pass
/opt/conda/envs/llava/lib/python3.10/site-packages/torch/autograd/__init__.py:266: UserWarning: c10d::broadcast_: an autograd kernel was not registered to the Autograd key(s) but we are trying to backprop through it. This may lead to silently incorrect behavior. This behavior is deprecated and will be removed in a future version of PyTorch. If your operator is differentiable, please ensure you have registered an autograd kernel to the correct Autograd key (e.g. DispatchKey::Autograd, DispatchKey::CompositeImplicitAutograd). If your operator is not differentiable, or to squash this warning and use the previous behavior, please register torch::CppFunction::makeFallthrough() to DispatchKey::Autograd. (Triggered internally at /opt/conda/conda-bld/pytorch_1708025847130/work/torch/csrc/autograd/autograd_not_implemented_fallback.cpp:63.)
  Variable._execution_engine.run_backward(  # Calls into the C++ engine to run the backward pass
/opt/conda/envs/llava/lib/python3.10/site-packages/torch/autograd/__init__.py:266: UserWarning: c10d::broadcast_: an autograd kernel was not registered to the Autograd key(s) but we are trying to backprop through it. This may lead to silently incorrect behavior. This behavior is deprecated and will be removed in a future version of PyTorch. If your operator is differentiable, please ensure you have registered an autograd kernel to the correct Autograd key (e.g. DispatchKey::Autograd, DispatchKey::CompositeImplicitAutograd). If your operator is not differentiable, or to squash this warning and use the previous behavior, please register torch::CppFunction::makeFallthrough() to DispatchKey::Autograd. (Triggered internally at /opt/conda/conda-bld/pytorch_1708025847130/work/torch/csrc/autograd/autograd_not_implemented_fallback.cpp:63.)
  Variable._execution_engine.run_backward(  # Calls into the C++ engine to run the backward pass
/opt/conda/envs/llava/lib/python3.10/site-packages/torch/autograd/__init__.py:266: UserWarning: c10d::broadcast_: an autograd kernel was not registered to the Autograd key(s) but we are trying to backprop through it. This may lead to silently incorrect behavior. This behavior is deprecated and will be removed in a future version of PyTorch. If your operator is differentiable, please ensure you have registered an autograd kernel to the correct Autograd key (e.g. DispatchKey::Autograd, DispatchKey::CompositeImplicitAutograd). If your operator is not differentiable, or to squash this warning and use the previous behavior, please register torch::CppFunction::makeFallthrough() to DispatchKey::Autograd. (Triggered internally at /opt/conda/conda-bld/pytorch_1708025847130/work/torch/csrc/autograd/autograd_not_implemented_fallback.cpp:63.)
  Variable._execution_engine.run_backward(  # Calls into the C++ engine to run the backward pass
