[2024-08-26 17:26:42,943] torch.distributed.run: [WARNING] 
[2024-08-26 17:26:42,943] torch.distributed.run: [WARNING] *****************************************
[2024-08-26 17:26:42,943] torch.distributed.run: [WARNING] Setting OMP_NUM_THREADS environment variable for each process to be 1 in default, to avoid your system being overloaded, please further tune the variable for optimal performance in your application as needed. 
[2024-08-26 17:26:42,943] torch.distributed.run: [WARNING] *****************************************
/opt/conda/envs/llava/lib/python3.10/site-packages/transformers/deepspeed.py:23: FutureWarning: transformers.deepspeed module is deprecated and will be removed in a future version. Please import deepspeed modules directly from transformers.integrations
  warnings.warn(
/opt/conda/envs/llava/lib/python3.10/site-packages/transformers/deepspeed.py:23: FutureWarning: transformers.deepspeed module is deprecated and will be removed in a future version. Please import deepspeed modules directly from transformers.integrations
  warnings.warn(
/opt/conda/envs/llava/lib/python3.10/site-packages/transformers/deepspeed.py:23: FutureWarning: transformers.deepspeed module is deprecated and will be removed in a future version. Please import deepspeed modules directly from transformers.integrations
  warnings.warn(
/opt/conda/envs/llava/lib/python3.10/site-packages/transformers/deepspeed.py:23: FutureWarning: transformers.deepspeed module is deprecated and will be removed in a future version. Please import deepspeed modules directly from transformers.integrations
  warnings.warn(
/opt/conda/envs/llava/lib/python3.10/site-packages/transformers/deepspeed.py:23: FutureWarning: transformers.deepspeed module is deprecated and will be removed in a future version. Please import deepspeed modules directly from transformers.integrations
  warnings.warn(
/opt/conda/envs/llava/lib/python3.10/site-packages/transformers/deepspeed.py:23: FutureWarning: transformers.deepspeed module is deprecated and will be removed in a future version. Please import deepspeed modules directly from transformers.integrations
  warnings.warn(
/opt/conda/envs/llava/lib/python3.10/site-packages/transformers/deepspeed.py:23: FutureWarning: transformers.deepspeed module is deprecated and will be removed in a future version. Please import deepspeed modules directly from transformers.integrations
  warnings.warn(
/opt/conda/envs/llava/lib/python3.10/site-packages/transformers/deepspeed.py:23: FutureWarning: transformers.deepspeed module is deprecated and will be removed in a future version. Please import deepspeed modules directly from transformers.integrations
  warnings.warn(
llava models imported
llava models imported
llava models imported
llava models imported
llava models imported
llava models imported
llava models imported
llava models imported
[2024-08-26 17:27:22,036] [INFO] [real_accelerator.py:161:get_accelerator] Setting ds_accelerator to cuda (auto detect)
[2024-08-26 17:27:22,050] [INFO] [real_accelerator.py:161:get_accelerator] Setting ds_accelerator to cuda (auto detect)
[2024-08-26 17:27:22,050] [INFO] [real_accelerator.py:161:get_accelerator] Setting ds_accelerator to cuda (auto detect)
[2024-08-26 17:27:22,096] [INFO] [real_accelerator.py:161:get_accelerator] Setting ds_accelerator to cuda (auto detect)
[2024-08-26 17:27:22,097] [INFO] [real_accelerator.py:161:get_accelerator] Setting ds_accelerator to cuda (auto detect)
[2024-08-26 17:27:22,110] [INFO] [real_accelerator.py:161:get_accelerator] Setting ds_accelerator to cuda (auto detect)
[2024-08-26 17:27:22,112] [INFO] [real_accelerator.py:161:get_accelerator] Setting ds_accelerator to cuda (auto detect)
[2024-08-26 17:27:22,138] [INFO] [real_accelerator.py:161:get_accelerator] Setting ds_accelerator to cuda (auto detect)
[2024-08-26 17:27:22,185] [INFO] [comm.py:637:init_distributed] cdb=None
[2024-08-26 17:27:22,198] [INFO] [comm.py:637:init_distributed] cdb=None
[2024-08-26 17:27:22,205] [INFO] [comm.py:637:init_distributed] cdb=None
[2024-08-26 17:27:22,250] [INFO] [comm.py:637:init_distributed] cdb=None
[2024-08-26 17:27:22,251] [INFO] [comm.py:637:init_distributed] cdb=None
[2024-08-26 17:27:22,265] [INFO] [comm.py:637:init_distributed] cdb=None
[2024-08-26 17:27:22,269] [INFO] [comm.py:637:init_distributed] cdb=None
[2024-08-26 17:27:22,299] [INFO] [comm.py:637:init_distributed] cdb=None
Converting image folder to dict
Loading path conversion file: ./playground/data/ocrvqa_path-conversion.json
You are using a model of type llama to instantiate a model of type llava_llama. This is not supported for all configurations of models and can yield errors.
You are attempting to use Flash Attention 2.0 with a model not initialized on GPU. Make sure to move the model to GPU after initializing it on CPU with `model.to('cuda')`.
Converting image folder to dict
Loading path conversion file: ./playground/data/ocrvqa_path-conversion.json
Converting image folder to dict
Loading path conversion file: ./playground/data/ocrvqa_path-conversion.json
Converting image folder to dict
Loading path conversion file: ./playground/data/ocrvqa_path-conversion.json
You are using a model of type llama to instantiate a model of type llava_llama. This is not supported for all configurations of models and can yield errors.
You are attempting to use Flash Attention 2.0 with a model not initialized on GPU. Make sure to move the model to GPU after initializing it on CPU with `model.to('cuda')`.
You are using a model of type llama to instantiate a model of type llava_llama. This is not supported for all configurations of models and can yield errors.
You are attempting to use Flash Attention 2.0 with a model not initialized on GPU. Make sure to move the model to GPU after initializing it on CPU with `model.to('cuda')`.
aieflopsvip-kmaker-033145109241:224067:224067 [3] NCCL INFO cudaDriverVersion 12010
aieflopsvip-kmaker-033145109241:224067:224067 [3] NCCL INFO NCCL_SOCKET_IFNAME set by environment to eth0
aieflopsvip-kmaker-033145109241:224067:224067 [3] NCCL INFO Bootstrap : Using eth0:33.145.109.241<0>
aieflopsvip-kmaker-033145109241:224067:224067 [3] NCCL INFO NET/Plugin : dlerror=libnccl-net.so: cannot open shared object file: No such file or directory No plugin found (libnccl-net.so), using internal implementation
Converting image folder to dict
Loading path conversion file: ./playground/data/ocrvqa_path-conversion.json
aieflopsvip-kmaker-033145109241:224069:224069 [5] NCCL INFO cudaDriverVersion 12010
aieflopsvip-kmaker-033145109241:224069:224069 [5] NCCL INFO NCCL_SOCKET_IFNAME set by environment to eth0
aieflopsvip-kmaker-033145109241:224069:224069 [5] NCCL INFO Bootstrap : Using eth0:33.145.109.241<0>
aieflopsvip-kmaker-033145109241:224069:224069 [5] NCCL INFO NET/Plugin : dlerror=libnccl-net.so: cannot open shared object file: No such file or directory No plugin found (libnccl-net.so), using internal implementation
You are using a model of type llama to instantiate a model of type llava_llama. This is not supported for all configurations of models and can yield errors.
You are attempting to use Flash Attention 2.0 with a model not initialized on GPU. Make sure to move the model to GPU after initializing it on CPU with `model.to('cuda')`.
aieflopsvip-kmaker-033145109241:224064:224064 [0] NCCL INFO cudaDriverVersion 12010
aieflopsvip-kmaker-033145109241:224064:224064 [0] NCCL INFO NCCL_SOCKET_IFNAME set by environment to eth0
aieflopsvip-kmaker-033145109241:224064:224064 [0] NCCL INFO Bootstrap : Using eth0:33.145.109.241<0>
aieflopsvip-kmaker-033145109241:224064:224064 [0] NCCL INFO NET/Plugin : dlerror=libnccl-net.so: cannot open shared object file: No such file or directory No plugin found (libnccl-net.so), using internal implementation
aieflopsvip-kmaker-033145109241:224069:224169 [5] NCCL INFO NCCL_SOCKET_IFNAME set by environment to eth0
aieflopsvip-kmaker-033145109241:224067:224168 [3] NCCL INFO NCCL_SOCKET_IFNAME set by environment to eth0
aieflopsvip-kmaker-033145109241:224069:224169 [5] NCCL INFO NCCL_IB_HCA set to mlx5
aieflopsvip-kmaker-033145109241:224067:224168 [3] NCCL INFO NCCL_IB_HCA set to mlx5
Converting image folder to dict
Loading path conversion file: ./playground/data/ocrvqa_path-conversion.json
aieflopsvip-kmaker-033145109241:224064:224170 [0] NCCL INFO NCCL_SOCKET_IFNAME set by environment to eth0
aieflopsvip-kmaker-033145109241:224064:224170 [0] NCCL INFO NCCL_IB_HCA set to mlx5
aieflopsvip-kmaker-033145109241:224070:224070 [6] NCCL INFO cudaDriverVersion 12010
aieflopsvip-kmaker-033145109241:224070:224070 [6] NCCL INFO NCCL_SOCKET_IFNAME set by environment to eth0
aieflopsvip-kmaker-033145109241:224070:224070 [6] NCCL INFO Bootstrap : Using eth0:33.145.109.241<0>
aieflopsvip-kmaker-033145109241:224070:224070 [6] NCCL INFO NET/Plugin : dlerror=libnccl-net.so: cannot open shared object file: No such file or directory No plugin found (libnccl-net.so), using internal implementation
aieflopsvip-kmaker-033145109241:224070:224175 [6] NCCL INFO NCCL_SOCKET_IFNAME set by environment to eth0
aieflopsvip-kmaker-033145109241:224070:224175 [6] NCCL INFO NCCL_IB_HCA set to mlx5
aieflopsvip-kmaker-033145109241:224067:224168 [3] NCCL INFO NET/IB : Using [0]mlx5_1:1/RoCE [1]mlx5_57:1/RoCE [2]mlx5_113:1/RoCE [3]mlx5_169:1/RoCE [RO]; OOB eth0:33.145.109.241<0>
aieflopsvip-kmaker-033145109241:224067:224168 [3] NCCL INFO Using non-device net plugin version 0
aieflopsvip-kmaker-033145109241:224067:224168 [3] NCCL INFO Using network IB
aieflopsvip-kmaker-033145109241:224064:224170 [0] NCCL INFO NET/IB : Using [0]mlx5_1:1/RoCE [1]mlx5_57:1/RoCE [2]mlx5_113:1/RoCE [3]mlx5_169:1/RoCE [RO]; OOB eth0:33.145.109.241<0>
aieflopsvip-kmaker-033145109241:224064:224170 [0] NCCL INFO Using non-device net plugin version 0
aieflopsvip-kmaker-033145109241:224064:224170 [0] NCCL INFO Using network IB
aieflopsvip-kmaker-033145109241:224069:224169 [5] NCCL INFO NET/IB : Using [0]mlx5_1:1/RoCE [1]mlx5_57:1/RoCE [2]mlx5_113:1/RoCE [3]mlx5_169:1/RoCE [RO]; OOB eth0:33.145.109.241<0>
aieflopsvip-kmaker-033145109241:224069:224169 [5] NCCL INFO Using non-device net plugin version 0
aieflopsvip-kmaker-033145109241:224069:224169 [5] NCCL INFO Using network IB
aieflopsvip-kmaker-033145109241:224070:224175 [6] NCCL INFO NET/IB : Using [0]mlx5_1:1/RoCE [1]mlx5_57:1/RoCE [2]mlx5_113:1/RoCE [3]mlx5_169:1/RoCE [RO]; OOB eth0:33.145.109.241<0>
aieflopsvip-kmaker-033145109241:224070:224175 [6] NCCL INFO Using non-device net plugin version 0
aieflopsvip-kmaker-033145109241:224070:224175 [6] NCCL INFO Using network IB
You are using a model of type llama to instantiate a model of type llava_llama. This is not supported for all configurations of models and can yield errors.
You are attempting to use Flash Attention 2.0 with a model not initialized on GPU. Make sure to move the model to GPU after initializing it on CPU with `model.to('cuda')`.
aieflopsvip-kmaker-033145109241:224071:224071 [7] NCCL INFO cudaDriverVersion 12010
aieflopsvip-kmaker-033145109241:224071:224071 [7] NCCL INFO NCCL_SOCKET_IFNAME set by environment to eth0
aieflopsvip-kmaker-033145109241:224071:224071 [7] NCCL INFO Bootstrap : Using eth0:33.145.109.241<0>
aieflopsvip-kmaker-033145109241:224071:224071 [7] NCCL INFO NET/Plugin : dlerror=libnccl-net.so: cannot open shared object file: No such file or directory No plugin found (libnccl-net.so), using internal implementation
You are using a model of type llama to instantiate a model of type llava_llama. This is not supported for all configurations of models and can yield errors.
You are attempting to use Flash Attention 2.0 with a model not initialized on GPU. Make sure to move the model to GPU after initializing it on CPU with `model.to('cuda')`.
aieflopsvip-kmaker-033145109241:224071:224188 [7] NCCL INFO NCCL_SOCKET_IFNAME set by environment to eth0
aieflopsvip-kmaker-033145109241:224071:224188 [7] NCCL INFO NCCL_IB_HCA set to mlx5
aieflopsvip-kmaker-033145109241:224066:224066 [2] NCCL INFO cudaDriverVersion 12010
aieflopsvip-kmaker-033145109241:224066:224066 [2] NCCL INFO NCCL_SOCKET_IFNAME set by environment to eth0
aieflopsvip-kmaker-033145109241:224066:224066 [2] NCCL INFO Bootstrap : Using eth0:33.145.109.241<0>
aieflopsvip-kmaker-033145109241:224066:224066 [2] NCCL INFO NET/Plugin : dlerror=libnccl-net.so: cannot open shared object file: No such file or directory No plugin found (libnccl-net.so), using internal implementation
aieflopsvip-kmaker-033145109241:224066:224191 [2] NCCL INFO NCCL_SOCKET_IFNAME set by environment to eth0
aieflopsvip-kmaker-033145109241:224066:224191 [2] NCCL INFO NCCL_IB_HCA set to mlx5
aieflopsvip-kmaker-033145109241:224071:224188 [7] NCCL INFO NET/IB : Using [0]mlx5_1:1/RoCE [1]mlx5_57:1/RoCE [2]mlx5_113:1/RoCE [3]mlx5_169:1/RoCE [RO]; OOB eth0:33.145.109.241<0>
aieflopsvip-kmaker-033145109241:224071:224188 [7] NCCL INFO Using non-device net plugin version 0
aieflopsvip-kmaker-033145109241:224071:224188 [7] NCCL INFO Using network IB
aieflopsvip-kmaker-033145109241:224066:224191 [2] NCCL INFO NET/IB : Using [0]mlx5_1:1/RoCE [1]mlx5_57:1/RoCE [2]mlx5_113:1/RoCE [3]mlx5_169:1/RoCE [RO]; OOB eth0:33.145.109.241<0>
aieflopsvip-kmaker-033145109241:224066:224191 [2] NCCL INFO Using non-device net plugin version 0
aieflopsvip-kmaker-033145109241:224066:224191 [2] NCCL INFO Using network IB
Converting image folder to dict
Loading path conversion file: ./playground/data/ocrvqa_path-conversion.json
Converting image folder to dict
Loading path conversion file: ./playground/data/ocrvqa_path-conversion.json
You are using a model of type llama to instantiate a model of type llava_llama. This is not supported for all configurations of models and can yield errors.
You are attempting to use Flash Attention 2.0 with a model not initialized on GPU. Make sure to move the model to GPU after initializing it on CPU with `model.to('cuda')`.
You are using a model of type llama to instantiate a model of type llava_llama. This is not supported for all configurations of models and can yield errors.
You are attempting to use Flash Attention 2.0 with a model not initialized on GPU. Make sure to move the model to GPU after initializing it on CPU with `model.to('cuda')`.
aieflopsvip-kmaker-033145109241:224065:224065 [1] NCCL INFO cudaDriverVersion 12010
aieflopsvip-kmaker-033145109241:224065:224065 [1] NCCL INFO NCCL_SOCKET_IFNAME set by environment to eth0
aieflopsvip-kmaker-033145109241:224065:224065 [1] NCCL INFO Bootstrap : Using eth0:33.145.109.241<0>
aieflopsvip-kmaker-033145109241:224065:224065 [1] NCCL INFO NET/Plugin : dlerror=libnccl-net.so: cannot open shared object file: No such file or directory No plugin found (libnccl-net.so), using internal implementation
aieflopsvip-kmaker-033145109241:224065:224200 [1] NCCL INFO NCCL_SOCKET_IFNAME set by environment to eth0
aieflopsvip-kmaker-033145109241:224065:224200 [1] NCCL INFO NCCL_IB_HCA set to mlx5
aieflopsvip-kmaker-033145109241:224068:224068 [4] NCCL INFO cudaDriverVersion 12010
aieflopsvip-kmaker-033145109241:224068:224068 [4] NCCL INFO NCCL_SOCKET_IFNAME set by environment to eth0
aieflopsvip-kmaker-033145109241:224065:224200 [1] NCCL INFO NET/IB : Using [0]mlx5_1:1/RoCE [1]mlx5_57:1/RoCE [2]mlx5_113:1/RoCE [3]mlx5_169:1/RoCE [RO]; OOB eth0:33.145.109.241<0>
aieflopsvip-kmaker-033145109241:224065:224200 [1] NCCL INFO Using non-device net plugin version 0
aieflopsvip-kmaker-033145109241:224065:224200 [1] NCCL INFO Using network IB
aieflopsvip-kmaker-033145109241:224068:224068 [4] NCCL INFO Bootstrap : Using eth0:33.145.109.241<0>
aieflopsvip-kmaker-033145109241:224068:224068 [4] NCCL INFO NET/Plugin : dlerror=libnccl-net.so: cannot open shared object file: No such file or directory No plugin found (libnccl-net.so), using internal implementation
aieflopsvip-kmaker-033145109241:224068:224205 [4] NCCL INFO NCCL_SOCKET_IFNAME set by environment to eth0
aieflopsvip-kmaker-033145109241:224068:224205 [4] NCCL INFO NCCL_IB_HCA set to mlx5
aieflopsvip-kmaker-033145109241:224068:224205 [4] NCCL INFO NET/IB : Using [0]mlx5_1:1/RoCE [1]mlx5_57:1/RoCE [2]mlx5_113:1/RoCE [3]mlx5_169:1/RoCE [RO]; OOB eth0:33.145.109.241<0>
aieflopsvip-kmaker-033145109241:224068:224205 [4] NCCL INFO Using non-device net plugin version 0
aieflopsvip-kmaker-033145109241:224068:224205 [4] NCCL INFO Using network IB
aieflopsvip-kmaker-033145109241:224071:224188 [7] NCCL INFO comm 0x7ab87540 rank 23 nranks 32 cudaDev 7 nvmlDev 7 busId b3000 commId 0x55d07b2619d4d57f - Init START
aieflopsvip-kmaker-033145109241:224070:224175 [6] NCCL INFO comm 0x7b2c8f10 rank 22 nranks 32 cudaDev 6 nvmlDev 6 busId ad000 commId 0x55d07b2619d4d57f - Init START
aieflopsvip-kmaker-033145109241:224069:224169 [5] NCCL INFO comm 0x79ef1c10 rank 21 nranks 32 cudaDev 5 nvmlDev 5 busId 8e000 commId 0x55d07b2619d4d57f - Init START
aieflopsvip-kmaker-033145109241:224068:224205 [4] NCCL INFO comm 0x7a94b7e0 rank 20 nranks 32 cudaDev 4 nvmlDev 4 busId 89000 commId 0x55d07b2619d4d57f - Init START
aieflopsvip-kmaker-033145109241:224066:224191 [2] NCCL INFO comm 0x79c85990 rank 18 nranks 32 cudaDev 2 nvmlDev 2 busId 48000 commId 0x55d07b2619d4d57f - Init START
aieflopsvip-kmaker-033145109241:224065:224200 [1] NCCL INFO comm 0x7a00ce90 rank 17 nranks 32 cudaDev 1 nvmlDev 1 busId 19000 commId 0x55d07b2619d4d57f - Init START
aieflopsvip-kmaker-033145109241:224064:224170 [0] NCCL INFO comm 0x984789c0 rank 16 nranks 32 cudaDev 0 nvmlDev 0 busId 13000 commId 0x55d07b2619d4d57f - Init START
aieflopsvip-kmaker-033145109241:224067:224168 [3] NCCL INFO comm 0x7af2d110 rank 19 nranks 32 cudaDev 3 nvmlDev 3 busId 4d000 commId 0x55d07b2619d4d57f - Init START
aieflopsvip-kmaker-033145109241:224070:224175 [6] NCCL INFO Setting affinity for GPU 6 to ffffffff,00000000,ffffffff,00000000
aieflopsvip-kmaker-033145109241:224070:224175 [6] NCCL INFO NVLS multicast support is not available on dev 6
aieflopsvip-kmaker-033145109241:224069:224169 [5] NCCL INFO Setting affinity for GPU 5 to ffffffff,00000000,ffffffff,00000000
aieflopsvip-kmaker-033145109241:224069:224169 [5] NCCL INFO NVLS multicast support is not available on dev 5
aieflopsvip-kmaker-033145109241:224067:224168 [3] NCCL INFO Setting affinity for GPU 3 to ffffffff,00000000,ffffffff
aieflopsvip-kmaker-033145109241:224067:224168 [3] NCCL INFO NVLS multicast support is not available on dev 3
aieflopsvip-kmaker-033145109241:224068:224205 [4] NCCL INFO Setting affinity for GPU 4 to ffffffff,00000000,ffffffff,00000000
aieflopsvip-kmaker-033145109241:224068:224205 [4] NCCL INFO NVLS multicast support is not available on dev 4
aieflopsvip-kmaker-033145109241:224071:224188 [7] NCCL INFO Setting affinity for GPU 7 to ffffffff,00000000,ffffffff,00000000
aieflopsvip-kmaker-033145109241:224071:224188 [7] NCCL INFO NVLS multicast support is not available on dev 7
aieflopsvip-kmaker-033145109241:224064:224170 [0] NCCL INFO Setting affinity for GPU 0 to ffffffff,00000000,ffffffff
aieflopsvip-kmaker-033145109241:224064:224170 [0] NCCL INFO NVLS multicast support is not available on dev 0
aieflopsvip-kmaker-033145109241:224065:224200 [1] NCCL INFO Setting affinity for GPU 1 to ffffffff,00000000,ffffffff
aieflopsvip-kmaker-033145109241:224065:224200 [1] NCCL INFO NVLS multicast support is not available on dev 1
aieflopsvip-kmaker-033145109241:224066:224191 [2] NCCL INFO Setting affinity for GPU 2 to ffffffff,00000000,ffffffff
aieflopsvip-kmaker-033145109241:224066:224191 [2] NCCL INFO NVLS multicast support is not available on dev 2
aieflopsvip-kmaker-033145109241:224066:224191 [2] NCCL INFO Trees [0] 19/-1/-1->18->17 [1] 19/26/-1->18->2 [2] 19/-1/-1->18->17 [3] 19/-1/-1->18->17 [4] 19/-1/-1->18->17 [5] 19/-1/-1->18->11 [6] 19/-1/-1->18->17 [7] 19/-1/-1->18->17
aieflopsvip-kmaker-033145109241:224066:224191 [2] NCCL INFO P2P Chunksize set to 131072
aieflopsvip-kmaker-033145109241:224071:224188 [7] NCCL INFO Trees [0] -1/-1/-1->23->22 [1] 16/-1/-1->23->22 [2] 16/-1/-1->23->22 [3] 16/14/-1->23->22 [4] -1/-1/-1->23->22 [5] 16/-1/-1->23->22 [6] 16/-1/-1->23->22 [7] 16/-1/-1->23->22
aieflopsvip-kmaker-033145109241:224070:224175 [6] NCCL INFO Trees [0] 23/-1/-1->22->21 [1] 23/-1/-1->22->21 [2] 23/-1/-1->22->21 [3] 23/30/-1->22->6 [4] 23/-1/-1->22->21 [5] 23/-1/-1->22->21 [6] 23/-1/-1->22->21 [7] 23/-1/-1->22->15
aieflopsvip-kmaker-033145109241:224068:224205 [4] NCCL INFO Trees [0] 21/-1/-1->20->19 [1] 21/-1/-1->20->19 [2] 21/28/-1->20->4 [3] 21/-1/-1->20->19 [4] 21/-1/-1->20->19 [5] 21/-1/-1->20->19 [6] 21/-1/-1->20->13 [7] 21/-1/-1->20->19
aieflopsvip-kmaker-033145109241:224067:224168 [3] NCCL INFO Trees [0] 20/-1/-1->19->18 [1] 20/10/-1->19->18 [2] -1/-1/-1->19->18 [3] 20/-1/-1->19->18 [4] 20/-1/-1->19->18 [5] 20/-1/-1->19->18 [6] -1/-1/-1->19->18 [7] 20/-1/-1->19->18
aieflopsvip-kmaker-033145109241:224071:224188 [7] NCCL INFO P2P Chunksize set to 131072
aieflopsvip-kmaker-033145109241:224069:224169 [5] NCCL INFO Trees [0] 22/-1/-1->21->20 [1] 22/-1/-1->21->20 [2] 22/12/-1->21->20 [3] -1/-1/-1->21->20 [4] 22/-1/-1->21->20 [5] 22/-1/-1->21->20 [6] 22/-1/-1->21->20 [7] -1/-1/-1->21->20
aieflopsvip-kmaker-033145109241:224070:224175 [6] NCCL INFO P2P Chunksize set to 131072
aieflopsvip-kmaker-033145109241:224068:224205 [4] NCCL INFO P2P Chunksize set to 131072
aieflopsvip-kmaker-033145109241:224067:224168 [3] NCCL INFO P2P Chunksize set to 131072
aieflopsvip-kmaker-033145109241:224069:224169 [5] NCCL INFO P2P Chunksize set to 131072
aieflopsvip-kmaker-033145109241:224065:224200 [1] NCCL INFO Trees [0] 18/8/-1->17->16 [1] -1/-1/-1->17->16 [2] 18/-1/-1->17->16 [3] 18/-1/-1->17->16 [4] 18/-1/-1->17->16 [5] -1/-1/-1->17->16 [6] 18/-1/-1->17->16 [7] 18/-1/-1->17->16
aieflopsvip-kmaker-033145109241:224065:224200 [1] NCCL INFO P2P Chunksize set to 131072
aieflopsvip-kmaker-033145109241:224064:224170 [0] NCCL INFO Trees [0] 17/24/-1->16->0 [1] 17/-1/-1->16->23 [2] 17/-1/-1->16->23 [3] 17/-1/-1->16->23 [4] 17/-1/-1->16->9 [5] 17/-1/-1->16->23 [6] 17/-1/-1->16->23 [7] 17/-1/-1->16->23
aieflopsvip-kmaker-033145109241:224064:224170 [0] NCCL INFO P2P Chunksize set to 131072
aieflopsvip-kmaker-033145109241:224070:224175 [6] NCCL INFO Channel 03/0 : 15[7] -> 22[6] [receive] via NET/IB/2/GDRDMA
aieflopsvip-kmaker-033145109241:224070:224175 [6] NCCL INFO Channel 07/0 : 15[7] -> 22[6] [receive] via NET/IB/2/GDRDMA
aieflopsvip-kmaker-033145109241:224068:224205 [4] NCCL INFO Channel 02/0 : 13[5] -> 20[4] [receive] via NET/IB/1/GDRDMA
aieflopsvip-kmaker-033145109241:224068:224205 [4] NCCL INFO Channel 06/0 : 13[5] -> 20[4] [receive] via NET/IB/1/GDRDMA
aieflopsvip-kmaker-033145109241:224069:224169 [5] NCCL INFO Channel 02/0 : 21[5] -> 28[4] [send] via NET/IB/1/GDRDMA
aieflopsvip-kmaker-033145109241:224069:224169 [5] NCCL INFO Channel 06/0 : 21[5] -> 28[4] [send] via NET/IB/1/GDRDMA
aieflopsvip-kmaker-033145109241:224064:224170 [0] NCCL INFO Channel 00/0 : 9[1] -> 16[0] [receive] via NET/IB/0/GDRDMA
aieflopsvip-kmaker-033145109241:224064:224170 [0] NCCL INFO Channel 04/0 : 9[1] -> 16[0] [receive] via NET/IB/0/GDRDMA
aieflopsvip-kmaker-033145109241:224064:224170 [0] NCCL INFO Channel 00/0 : 16[0] -> 23[7] via P2P/CUMEM/read
aieflopsvip-kmaker-033145109241:224065:224200 [1] NCCL INFO Channel 00/0 : 17[1] -> 24[0] [send] via NET/IB/0/GDRDMA
aieflopsvip-kmaker-033145109241:224065:224200 [1] NCCL INFO Channel 04/0 : 17[1] -> 24[0] [send] via NET/IB/0/GDRDMA
aieflopsvip-kmaker-033145109241:224066:224191 [2] NCCL INFO Channel 01/0 : 11[3] -> 18[2] [receive] via NET/IB/3/GDRDMA
aieflopsvip-kmaker-033145109241:224066:224191 [2] NCCL INFO Channel 05/0 : 11[3] -> 18[2] [receive] via NET/IB/3/GDRDMA
aieflopsvip-kmaker-033145109241:224067:224168 [3] NCCL INFO Channel 01/0 : 19[3] -> 26[2] [send] via NET/IB/3/GDRDMA
aieflopsvip-kmaker-033145109241:224067:224168 [3] NCCL INFO Channel 05/0 : 19[3] -> 26[2] [send] via NET/IB/3/GDRDMA
aieflopsvip-kmaker-033145109241:224064:224170 [0] NCCL INFO Channel 01/0 : 16[0] -> 23[7] via P2P/CUMEM/read
aieflopsvip-kmaker-033145109241:224064:224170 [0] NCCL INFO Channel 02/0 : 16[0] -> 23[7] via P2P/CUMEM/read
aieflopsvip-kmaker-033145109241:224064:224170 [0] NCCL INFO Channel 03/0 : 16[0] -> 23[7] via P2P/CUMEM/read
aieflopsvip-kmaker-033145109241:224064:224170 [0] NCCL INFO Channel 04/0 : 16[0] -> 23[7] via P2P/CUMEM/read
aieflopsvip-kmaker-033145109241:224064:224170 [0] NCCL INFO Channel 05/0 : 16[0] -> 23[7] via P2P/CUMEM/read
aieflopsvip-kmaker-033145109241:224068:224205 [4] NCCL INFO Channel 00/0 : 20[4] -> 19[3] via P2P/CUMEM/read
aieflopsvip-kmaker-033145109241:224070:224175 [6] NCCL INFO Channel 00/0 : 22[6] -> 21[5] via P2P/CUMEM/read
aieflopsvip-kmaker-033145109241:224064:224170 [0] NCCL INFO Channel 06/0 : 16[0] -> 23[7] via P2P/CUMEM/read
aieflopsvip-kmaker-033145109241:224071:224188 [7] NCCL INFO Channel 03/0 : 23[7] -> 30[6] [send] via NET/IB/2/GDRDMA
aieflopsvip-kmaker-033145109241:224071:224188 [7] NCCL INFO Channel 07/0 : 23[7] -> 30[6] [send] via NET/IB/2/GDRDMA
aieflopsvip-kmaker-033145109241:224068:224205 [4] NCCL INFO Channel 01/0 : 20[4] -> 19[3] via P2P/CUMEM/read
aieflopsvip-kmaker-033145109241:224070:224175 [6] NCCL INFO Channel 01/0 : 22[6] -> 21[5] via P2P/CUMEM/read
aieflopsvip-kmaker-033145109241:224064:224170 [0] NCCL INFO Channel 07/0 : 16[0] -> 23[7] via P2P/CUMEM/read
aieflopsvip-kmaker-033145109241:224066:224191 [2] NCCL INFO Channel 00/0 : 18[2] -> 17[1] via P2P/CUMEM/read
aieflopsvip-kmaker-033145109241:224068:224205 [4] NCCL INFO Channel 02/0 : 20[4] -> 19[3] via P2P/CUMEM/read
aieflopsvip-kmaker-033145109241:224070:224175 [6] NCCL INFO Channel 02/0 : 22[6] -> 21[5] via P2P/CUMEM/read
aieflopsvip-kmaker-033145109241:224069:224169 [5] NCCL INFO Channel 00/0 : 21[5] -> 20[4] via P2P/CUMEM/read
aieflopsvip-kmaker-033145109241:224071:224188 [7] NCCL INFO Channel 00/0 : 23[7] -> 22[6] via P2P/CUMEM/read
aieflopsvip-kmaker-033145109241:224065:224200 [1] NCCL INFO Channel 01/0 : 17[1] -> 16[0] via P2P/CUMEM/read
aieflopsvip-kmaker-033145109241:224066:224191 [2] NCCL INFO Channel 01/0 : 18[2] -> 17[1] via P2P/CUMEM/read
aieflopsvip-kmaker-033145109241:224067:224168 [3] NCCL INFO Channel 00/0 : 19[3] -> 18[2] via P2P/CUMEM/read
aieflopsvip-kmaker-033145109241:224068:224205 [4] NCCL INFO Channel 03/0 : 20[4] -> 19[3] via P2P/CUMEM/read
aieflopsvip-kmaker-033145109241:224070:224175 [6] NCCL INFO Channel 03/0 : 22[6] -> 21[5] via P2P/CUMEM/read
aieflopsvip-kmaker-033145109241:224069:224169 [5] NCCL INFO Channel 01/0 : 21[5] -> 20[4] via P2P/CUMEM/read
aieflopsvip-kmaker-033145109241:224071:224188 [7] NCCL INFO Channel 01/0 : 23[7] -> 22[6] via P2P/CUMEM/read
aieflopsvip-kmaker-033145109241:224065:224200 [1] NCCL INFO Channel 02/0 : 17[1] -> 16[0] via P2P/CUMEM/read
aieflopsvip-kmaker-033145109241:224066:224191 [2] NCCL INFO Channel 02/0 : 18[2] -> 17[1] via P2P/CUMEM/read
aieflopsvip-kmaker-033145109241:224067:224168 [3] NCCL INFO Channel 02/0 : 19[3] -> 18[2] via P2P/CUMEM/read
aieflopsvip-kmaker-033145109241:224068:224205 [4] NCCL INFO Channel 04/0 : 20[4] -> 19[3] via P2P/CUMEM/read
aieflopsvip-kmaker-033145109241:224070:224175 [6] NCCL INFO Channel 04/0 : 22[6] -> 21[5] via P2P/CUMEM/read
aieflopsvip-kmaker-033145109241:224069:224169 [5] NCCL INFO Channel 03/0 : 21[5] -> 20[4] via P2P/CUMEM/read
aieflopsvip-kmaker-033145109241:224071:224188 [7] NCCL INFO Channel 02/0 : 23[7] -> 22[6] via P2P/CUMEM/read
aieflopsvip-kmaker-033145109241:224065:224200 [1] NCCL INFO Channel 03/0 : 17[1] -> 16[0] via P2P/CUMEM/read
aieflopsvip-kmaker-033145109241:224066:224191 [2] NCCL INFO Channel 03/0 : 18[2] -> 17[1] via P2P/CUMEM/read
aieflopsvip-kmaker-033145109241:224067:224168 [3] NCCL INFO Channel 03/0 : 19[3] -> 18[2] via P2P/CUMEM/read
aieflopsvip-kmaker-033145109241:224068:224205 [4] NCCL INFO Channel 05/0 : 20[4] -> 19[3] via P2P/CUMEM/read
aieflopsvip-kmaker-033145109241:224070:224175 [6] NCCL INFO Channel 05/0 : 22[6] -> 21[5] via P2P/CUMEM/read
aieflopsvip-kmaker-033145109241:224069:224169 [5] NCCL INFO Channel 04/0 : 21[5] -> 20[4] via P2P/CUMEM/read
aieflopsvip-kmaker-033145109241:224071:224188 [7] NCCL INFO Channel 04/0 : 23[7] -> 22[6] via P2P/CUMEM/read
aieflopsvip-kmaker-033145109241:224065:224200 [1] NCCL INFO Channel 05/0 : 17[1] -> 16[0] via P2P/CUMEM/read
aieflopsvip-kmaker-033145109241:224066:224191 [2] NCCL INFO Channel 04/0 : 18[2] -> 17[1] via P2P/CUMEM/read
aieflopsvip-kmaker-033145109241:224067:224168 [3] NCCL INFO Channel 04/0 : 19[3] -> 18[2] via P2P/CUMEM/read
aieflopsvip-kmaker-033145109241:224068:224205 [4] NCCL INFO Channel 06/0 : 20[4] -> 19[3] via P2P/CUMEM/read
aieflopsvip-kmaker-033145109241:224070:224175 [6] NCCL INFO Channel 06/0 : 22[6] -> 21[5] via P2P/CUMEM/read
aieflopsvip-kmaker-033145109241:224069:224169 [5] NCCL INFO Channel 05/0 : 21[5] -> 20[4] via P2P/CUMEM/read
aieflopsvip-kmaker-033145109241:224071:224188 [7] NCCL INFO Channel 05/0 : 23[7] -> 22[6] via P2P/CUMEM/read
aieflopsvip-kmaker-033145109241:224065:224200 [1] NCCL INFO Channel 06/0 : 17[1] -> 16[0] via P2P/CUMEM/read
aieflopsvip-kmaker-033145109241:224066:224191 [2] NCCL INFO Channel 05/0 : 18[2] -> 17[1] via P2P/CUMEM/read
aieflopsvip-kmaker-033145109241:224067:224168 [3] NCCL INFO Channel 06/0 : 19[3] -> 18[2] via P2P/CUMEM/read
aieflopsvip-kmaker-033145109241:224068:224205 [4] NCCL INFO Channel 07/0 : 20[4] -> 19[3] via P2P/CUMEM/read
aieflopsvip-kmaker-033145109241:224070:224175 [6] NCCL INFO Channel 07/0 : 22[6] -> 21[5] via P2P/CUMEM/read
aieflopsvip-kmaker-033145109241:224069:224169 [5] NCCL INFO Channel 07/0 : 21[5] -> 20[4] via P2P/CUMEM/read
aieflopsvip-kmaker-033145109241:224071:224188 [7] NCCL INFO Channel 06/0 : 23[7] -> 22[6] via P2P/CUMEM/read
aieflopsvip-kmaker-033145109241:224065:224200 [1] NCCL INFO Channel 07/0 : 17[1] -> 16[0] via P2P/CUMEM/read
aieflopsvip-kmaker-033145109241:224066:224191 [2] NCCL INFO Channel 06/0 : 18[2] -> 17[1] via P2P/CUMEM/read
aieflopsvip-kmaker-033145109241:224067:224168 [3] NCCL INFO Channel 07/0 : 19[3] -> 18[2] via P2P/CUMEM/read
aieflopsvip-kmaker-033145109241:224066:224191 [2] NCCL INFO Channel 07/0 : 18[2] -> 17[1] via P2P/CUMEM/read
aieflopsvip-kmaker-033145109241:224069:224215 [5] NCCL INFO NCCL_IB_GID_INDEX set by environment to 3.
aieflopsvip-kmaker-033145109241:224066:224211 [2] NCCL INFO NCCL_IB_GID_INDEX set by environment to 3.
aieflopsvip-kmaker-033145109241:224066:224211 [2] NCCL INFO NCCL_IB_TC set by environment to 136.
aieflopsvip-kmaker-033145109241:224066:224211 [2] NCCL INFO NCCL_IB_SL set by environment to 5.
aieflopsvip-kmaker-033145109241:224066:224211 [2] NCCL INFO NCCL_IB_TIMEOUT set by environment to 22.
aieflopsvip-kmaker-033145109241:224065:224216 [1] NCCL INFO NCCL_IB_GID_INDEX set by environment to 3.
aieflopsvip-kmaker-033145109241:224068:224212 [4] NCCL INFO NCCL_IB_GID_INDEX set by environment to 3.
aieflopsvip-kmaker-033145109241:224068:224212 [4] NCCL INFO NCCL_IB_TC set by environment to 136.
aieflopsvip-kmaker-033145109241:224068:224212 [4] NCCL INFO NCCL_IB_SL set by environment to 5.
aieflopsvip-kmaker-033145109241:224068:224212 [4] NCCL INFO NCCL_IB_TIMEOUT set by environment to 22.
aieflopsvip-kmaker-033145109241:224067:224217 [3] NCCL INFO NCCL_IB_GID_INDEX set by environment to 3.
aieflopsvip-kmaker-033145109241:224069:224215 [5] NCCL INFO NCCL_IB_TC set by environment to 136.
aieflopsvip-kmaker-033145109241:224069:224215 [5] NCCL INFO NCCL_IB_SL set by environment to 5.
aieflopsvip-kmaker-033145109241:224069:224215 [5] NCCL INFO NCCL_IB_TIMEOUT set by environment to 22.
aieflopsvip-kmaker-033145109241:224067:224217 [3] NCCL INFO NCCL_IB_TC set by environment to 136.
aieflopsvip-kmaker-033145109241:224067:224217 [3] NCCL INFO NCCL_IB_SL set by environment to 5.
aieflopsvip-kmaker-033145109241:224067:224217 [3] NCCL INFO NCCL_IB_TIMEOUT set by environment to 22.
aieflopsvip-kmaker-033145109241:224064:224218 [0] NCCL INFO NCCL_IB_GID_INDEX set by environment to 3.
aieflopsvip-kmaker-033145109241:224064:224218 [0] NCCL INFO NCCL_IB_TC set by environment to 136.
aieflopsvip-kmaker-033145109241:224064:224218 [0] NCCL INFO NCCL_IB_SL set by environment to 5.
aieflopsvip-kmaker-033145109241:224064:224218 [0] NCCL INFO NCCL_IB_TIMEOUT set by environment to 22.
aieflopsvip-kmaker-033145109241:224070:224213 [6] NCCL INFO NCCL_IB_GID_INDEX set by environment to 3.
aieflopsvip-kmaker-033145109241:224070:224213 [6] NCCL INFO NCCL_IB_TC set by environment to 136.
aieflopsvip-kmaker-033145109241:224070:224213 [6] NCCL INFO NCCL_IB_SL set by environment to 5.
aieflopsvip-kmaker-033145109241:224070:224213 [6] NCCL INFO NCCL_IB_TIMEOUT set by environment to 22.
aieflopsvip-kmaker-033145109241:224065:224216 [1] NCCL INFO NCCL_IB_TC set by environment to 136.
aieflopsvip-kmaker-033145109241:224065:224216 [1] NCCL INFO NCCL_IB_SL set by environment to 5.
aieflopsvip-kmaker-033145109241:224065:224216 [1] NCCL INFO NCCL_IB_TIMEOUT set by environment to 22.
aieflopsvip-kmaker-033145109241:224071:224214 [7] NCCL INFO NCCL_IB_GID_INDEX set by environment to 3.
aieflopsvip-kmaker-033145109241:224071:224214 [7] NCCL INFO NCCL_IB_TC set by environment to 136.
aieflopsvip-kmaker-033145109241:224071:224214 [7] NCCL INFO NCCL_IB_SL set by environment to 5.
aieflopsvip-kmaker-033145109241:224071:224214 [7] NCCL INFO NCCL_IB_TIMEOUT set by environment to 22.
aieflopsvip-kmaker-033145109241:224067:224168 [3] NCCL INFO Connected all rings
aieflopsvip-kmaker-033145109241:224068:224205 [4] NCCL INFO Connected all rings
aieflopsvip-kmaker-033145109241:224069:224169 [5] NCCL INFO Connected all rings
aieflopsvip-kmaker-033145109241:224064:224170 [0] NCCL INFO Connected all rings
aieflopsvip-kmaker-033145109241:224064:224170 [0] NCCL INFO Channel 00/0 : 16[0] -> 17[1] via P2P/CUMEM/read
aieflopsvip-kmaker-033145109241:224066:224191 [2] NCCL INFO Connected all rings
aieflopsvip-kmaker-033145109241:224065:224200 [1] NCCL INFO Connected all rings
aieflopsvip-kmaker-033145109241:224064:224170 [0] NCCL INFO Channel 01/0 : 16[0] -> 17[1] via P2P/CUMEM/read
aieflopsvip-kmaker-033145109241:224070:224175 [6] NCCL INFO Connected all rings
aieflopsvip-kmaker-033145109241:224071:224188 [7] NCCL INFO Connected all rings
aieflopsvip-kmaker-033145109241:224068:224205 [4] NCCL INFO Channel 00/0 : 20[4] -> 21[5] via P2P/CUMEM/read
aieflopsvip-kmaker-033145109241:224064:224170 [0] NCCL INFO Channel 02/0 : 16[0] -> 17[1] via P2P/CUMEM/read
aieflopsvip-kmaker-033145109241:224067:224168 [3] NCCL INFO Channel 00/0 : 19[3] -> 20[4] via P2P/CUMEM/read
aieflopsvip-kmaker-033145109241:224068:224205 [4] NCCL INFO Channel 01/0 : 20[4] -> 21[5] via P2P/CUMEM/read
aieflopsvip-kmaker-033145109241:224069:224169 [5] NCCL INFO Channel 00/0 : 21[5] -> 22[6] via P2P/CUMEM/read
aieflopsvip-kmaker-033145109241:224067:224168 [3] NCCL INFO Channel 01/0 : 19[3] -> 20[4] via P2P/CUMEM/read
aieflopsvip-kmaker-033145109241:224064:224170 [0] NCCL INFO Channel 03/0 : 16[0] -> 17[1] via P2P/CUMEM/read
aieflopsvip-kmaker-033145109241:224068:224205 [4] NCCL INFO Channel 02/0 : 20[4] -> 21[5] via P2P/CUMEM/read
aieflopsvip-kmaker-033145109241:224069:224169 [5] NCCL INFO Channel 01/0 : 21[5] -> 22[6] via P2P/CUMEM/read
aieflopsvip-kmaker-033145109241:224067:224168 [3] NCCL INFO Channel 03/0 : 19[3] -> 20[4] via P2P/CUMEM/read
aieflopsvip-kmaker-033145109241:224064:224170 [0] NCCL INFO Channel 04/0 : 16[0] -> 17[1] via P2P/CUMEM/read
aieflopsvip-kmaker-033145109241:224068:224205 [4] NCCL INFO Channel 03/0 : 20[4] -> 21[5] via P2P/CUMEM/read
aieflopsvip-kmaker-033145109241:224069:224169 [5] NCCL INFO Channel 02/0 : 21[5] -> 22[6] via P2P/CUMEM/read
aieflopsvip-kmaker-033145109241:224067:224168 [3] NCCL INFO Channel 04/0 : 19[3] -> 20[4] via P2P/CUMEM/read
aieflopsvip-kmaker-033145109241:224064:224170 [0] NCCL INFO Channel 05/0 : 16[0] -> 17[1] via P2P/CUMEM/read
aieflopsvip-kmaker-033145109241:224068:224205 [4] NCCL INFO Channel 04/0 : 20[4] -> 21[5] via P2P/CUMEM/read
aieflopsvip-kmaker-033145109241:224069:224169 [5] NCCL INFO Channel 04/0 : 21[5] -> 22[6] via P2P/CUMEM/read
aieflopsvip-kmaker-033145109241:224067:224168 [3] NCCL INFO Channel 05/0 : 19[3] -> 20[4] via P2P/CUMEM/read
aieflopsvip-kmaker-033145109241:224064:224170 [0] NCCL INFO Channel 06/0 : 16[0] -> 17[1] via P2P/CUMEM/read
aieflopsvip-kmaker-033145109241:224066:224191 [2] NCCL INFO Channel 00/0 : 18[2] -> 19[3] via P2P/CUMEM/read
aieflopsvip-kmaker-033145109241:224068:224205 [4] NCCL INFO Channel 05/0 : 20[4] -> 21[5] via P2P/CUMEM/read
aieflopsvip-kmaker-033145109241:224069:224169 [5] NCCL INFO Channel 05/0 : 21[5] -> 22[6] via P2P/CUMEM/read
aieflopsvip-kmaker-033145109241:224067:224168 [3] NCCL INFO Channel 07/0 : 19[3] -> 20[4] via P2P/CUMEM/read
aieflopsvip-kmaker-033145109241:224064:224170 [0] NCCL INFO Channel 07/0 : 16[0] -> 17[1] via P2P/CUMEM/read
aieflopsvip-kmaker-033145109241:224066:224191 [2] NCCL INFO Channel 01/0 : 18[2] -> 19[3] via P2P/CUMEM/read
aieflopsvip-kmaker-033145109241:224070:224175 [6] NCCL INFO Channel 00/0 : 22[6] -> 23[7] via P2P/CUMEM/read
aieflopsvip-kmaker-033145109241:224068:224205 [4] NCCL INFO Channel 06/0 : 20[4] -> 21[5] via P2P/CUMEM/read
aieflopsvip-kmaker-033145109241:224069:224169 [5] NCCL INFO Channel 06/0 : 21[5] -> 22[6] via P2P/CUMEM/read
aieflopsvip-kmaker-033145109241:224066:224191 [2] NCCL INFO Channel 02/0 : 18[2] -> 19[3] via P2P/CUMEM/read
aieflopsvip-kmaker-033145109241:224070:224175 [6] NCCL INFO Channel 01/0 : 22[6] -> 23[7] via P2P/CUMEM/read
aieflopsvip-kmaker-033145109241:224068:224205 [4] NCCL INFO Channel 07/0 : 20[4] -> 21[5] via P2P/CUMEM/read
aieflopsvip-kmaker-033145109241:224065:224200 [1] NCCL INFO Channel 00/0 : 17[1] -> 18[2] via P2P/CUMEM/read
aieflopsvip-kmaker-033145109241:224066:224191 [2] NCCL INFO Channel 03/0 : 18[2] -> 19[3] via P2P/CUMEM/read
aieflopsvip-kmaker-033145109241:224070:224175 [6] NCCL INFO Channel 02/0 : 22[6] -> 23[7] via P2P/CUMEM/read
aieflopsvip-kmaker-033145109241:224065:224200 [1] NCCL INFO Channel 02/0 : 17[1] -> 18[2] via P2P/CUMEM/read
aieflopsvip-kmaker-033145109241:224068:224205 [4] NCCL INFO Channel 02/0 : 20[4] -> 28[4] [send] via NET/IB/1/GDRDMA
aieflopsvip-kmaker-033145109241:224066:224191 [2] NCCL INFO Channel 04/0 : 18[2] -> 19[3] via P2P/CUMEM/read
aieflopsvip-kmaker-033145109241:224070:224175 [6] NCCL INFO Channel 03/0 : 22[6] -> 23[7] via P2P/CUMEM/read
aieflopsvip-kmaker-033145109241:224065:224200 [1] NCCL INFO Channel 03/0 : 17[1] -> 18[2] via P2P/CUMEM/read
aieflopsvip-kmaker-033145109241:224066:224191 [2] NCCL INFO Channel 05/0 : 18[2] -> 19[3] via P2P/CUMEM/read
aieflopsvip-kmaker-033145109241:224070:224175 [6] NCCL INFO Channel 04/0 : 22[6] -> 23[7] via P2P/CUMEM/read
aieflopsvip-kmaker-033145109241:224065:224200 [1] NCCL INFO Channel 04/0 : 17[1] -> 18[2] via P2P/CUMEM/read
aieflopsvip-kmaker-033145109241:224066:224191 [2] NCCL INFO Channel 06/0 : 18[2] -> 19[3] via P2P/CUMEM/read
aieflopsvip-kmaker-033145109241:224070:224175 [6] NCCL INFO Channel 05/0 : 22[6] -> 23[7] via P2P/CUMEM/read
aieflopsvip-kmaker-033145109241:224065:224200 [1] NCCL INFO Channel 06/0 : 17[1] -> 18[2] via P2P/CUMEM/read
aieflopsvip-kmaker-033145109241:224066:224191 [2] NCCL INFO Channel 07/0 : 18[2] -> 19[3] via P2P/CUMEM/read
aieflopsvip-kmaker-033145109241:224070:224175 [6] NCCL INFO Channel 06/0 : 22[6] -> 23[7] via P2P/CUMEM/read
aieflopsvip-kmaker-033145109241:224065:224200 [1] NCCL INFO Channel 07/0 : 17[1] -> 18[2] via P2P/CUMEM/read
aieflopsvip-kmaker-033145109241:224067:224168 [3] NCCL INFO Channel 01/0 : 10[2] -> 19[3] [receive] via NET/IB/3/GDRDMA
aieflopsvip-kmaker-033145109241:224070:224175 [6] NCCL INFO Channel 07/0 : 22[6] -> 23[7] via P2P/CUMEM/read
aieflopsvip-kmaker-033145109241:224064:224170 [0] NCCL INFO Channel 00/0 : 16[0] -> 24[0] [send] via NET/IB/0/GDRDMA
aieflopsvip-kmaker-033145109241:224066:224191 [2] NCCL INFO Channel 01/0 : 18[2] -> 26[2] [send] via NET/IB/3/GDRDMA
aieflopsvip-kmaker-033145109241:224065:224200 [1] NCCL INFO Channel 00/0 : 8[0] -> 17[1] [receive] via NET/IB/0/GDRDMA
aieflopsvip-kmaker-033145109241:224069:224169 [5] NCCL INFO Channel 02/0 : 12[4] -> 21[5] [receive] via NET/IB/1/GDRDMA
aieflopsvip-kmaker-033145109241:224070:224175 [6] NCCL INFO Channel 03/0 : 22[6] -> 30[6] [send] via NET/IB/2/GDRDMA
aieflopsvip-kmaker-033145109241:224071:224188 [7] NCCL INFO Channel 03/0 : 14[6] -> 23[7] [receive] via NET/IB/2/GDRDMA
aieflopsvip-kmaker-033145109241:224064:224170 [0] NCCL INFO Channel 00/0 : 0[0] -> 16[0] [receive] via NET/IB/0/GDRDMA
aieflopsvip-kmaker-033145109241:224066:224191 [2] NCCL INFO Channel 01/0 : 2[2] -> 18[2] [receive] via NET/IB/3/GDRDMA
aieflopsvip-kmaker-033145109241:224064:224170 [0] NCCL INFO Channel 00/0 : 16[0] -> 0[0] [send] via NET/IB/0/GDRDMA
aieflopsvip-kmaker-033145109241:224066:224191 [2] NCCL INFO Channel 01/0 : 18[2] -> 2[2] [send] via NET/IB/3/GDRDMA
aieflopsvip-kmaker-033145109241:224065:224200 [1] NCCL INFO Channel 00/0 : 17[1] -> 8[0] [send] via NET/IB/0/GDRDMA
aieflopsvip-kmaker-033145109241:224065:224200 [1] NCCL INFO Channel 00/0 : 17[1] -> 16[0] via P2P/CUMEM/read
aieflopsvip-kmaker-033145109241:224065:224200 [1] NCCL INFO Channel 04/0 : 17[1] -> 16[0] via P2P/CUMEM/read
aieflopsvip-kmaker-033145109241:224064:224170 [0] NCCL INFO Channel 00/0 : 24[0] -> 16[0] [receive] via NET/IB/0/GDRDMA
aieflopsvip-kmaker-033145109241:224064:224170 [0] NCCL INFO Channel 04/0 : 16[0] -> 9[1] [send] via NET/IB/0/GDRDMA
aieflopsvip-kmaker-033145109241:224070:224175 [6] NCCL INFO Channel 03/0 : 6[6] -> 22[6] [receive] via NET/IB/2/GDRDMA
aieflopsvip-kmaker-033145109241:224070:224175 [6] NCCL INFO Channel 03/0 : 22[6] -> 6[6] [send] via NET/IB/2/GDRDMA
aieflopsvip-kmaker-033145109241:224068:224205 [4] NCCL INFO Channel 02/0 : 4[4] -> 20[4] [receive] via NET/IB/1/GDRDMA
aieflopsvip-kmaker-033145109241:224068:224205 [4] NCCL INFO Channel 02/0 : 20[4] -> 4[4] [send] via NET/IB/1/GDRDMA
aieflopsvip-kmaker-033145109241:224070:224175 [6] NCCL INFO Channel 03/0 : 30[6] -> 22[6] [receive] via NET/IB/2/GDRDMA
aieflopsvip-kmaker-033145109241:224071:224188 [7] NCCL INFO Channel 03/0 : 23[7] -> 14[6] [send] via NET/IB/2/GDRDMA
aieflopsvip-kmaker-033145109241:224071:224188 [7] NCCL INFO Channel 01/0 : 23[7] -> 16[0] via P2P/CUMEM/read
aieflopsvip-kmaker-033145109241:224070:224175 [6] NCCL INFO Channel 07/0 : 22[6] -> 15[7] [send] via NET/IB/2/GDRDMA
aieflopsvip-kmaker-033145109241:224068:224205 [4] NCCL INFO Channel 02/0 : 28[4] -> 20[4] [receive] via NET/IB/1/GDRDMA
aieflopsvip-kmaker-033145109241:224071:224188 [7] NCCL INFO Channel 02/0 : 23[7] -> 16[0] via P2P/CUMEM/read
aieflopsvip-kmaker-033145109241:224069:224169 [5] NCCL INFO Channel 02/0 : 21[5] -> 12[4] [send] via NET/IB/1/GDRDMA
aieflopsvip-kmaker-033145109241:224069:224169 [5] NCCL INFO Channel 02/0 : 21[5] -> 20[4] via P2P/CUMEM/read
aieflopsvip-kmaker-033145109241:224068:224205 [4] NCCL INFO Channel 06/0 : 20[4] -> 13[5] [send] via NET/IB/1/GDRDMA
aieflopsvip-kmaker-033145109241:224071:224188 [7] NCCL INFO Channel 03/0 : 23[7] -> 16[0] via P2P/CUMEM/read
aieflopsvip-kmaker-033145109241:224066:224191 [2] NCCL INFO Channel 01/0 : 26[2] -> 18[2] [receive] via NET/IB/3/GDRDMA
aieflopsvip-kmaker-033145109241:224069:224169 [5] NCCL INFO Channel 06/0 : 21[5] -> 20[4] via P2P/CUMEM/read
aieflopsvip-kmaker-033145109241:224071:224188 [7] NCCL INFO Channel 05/0 : 23[7] -> 16[0] via P2P/CUMEM/read
aieflopsvip-kmaker-033145109241:224071:224188 [7] NCCL INFO Channel 06/0 : 23[7] -> 16[0] via P2P/CUMEM/read
aieflopsvip-kmaker-033145109241:224071:224188 [7] NCCL INFO Channel 07/0 : 23[7] -> 16[0] via P2P/CUMEM/read
aieflopsvip-kmaker-033145109241:224067:224168 [3] NCCL INFO Channel 01/0 : 19[3] -> 10[2] [send] via NET/IB/3/GDRDMA
aieflopsvip-kmaker-033145109241:224066:224191 [2] NCCL INFO Channel 05/0 : 18[2] -> 11[3] [send] via NET/IB/3/GDRDMA
aieflopsvip-kmaker-033145109241:224067:224168 [3] NCCL INFO Channel 01/0 : 19[3] -> 18[2] via P2P/CUMEM/read
aieflopsvip-kmaker-033145109241:224067:224168 [3] NCCL INFO Channel 05/0 : 19[3] -> 18[2] via P2P/CUMEM/read
aieflopsvip-kmaker-033145109241:224071:224188 [7] NCCL INFO Channel 03/0 : 23[7] -> 22[6] via P2P/CUMEM/read
aieflopsvip-kmaker-033145109241:224071:224188 [7] NCCL INFO Channel 07/0 : 23[7] -> 22[6] via P2P/CUMEM/read
aieflopsvip-kmaker-033145109241:224069:224169 [5] NCCL INFO Connected all trees
aieflopsvip-kmaker-033145109241:224068:224205 [4] NCCL INFO Connected all trees
aieflopsvip-kmaker-033145109241:224069:224169 [5] NCCL INFO threadThresholds 8/8/64 | 256/8/64 | 512 | 512
aieflopsvip-kmaker-033145109241:224069:224169 [5] NCCL INFO 8 coll channels, 0 nvls channels, 8 p2p channels, 2 p2p channels per peer
aieflopsvip-kmaker-033145109241:224068:224205 [4] NCCL INFO threadThresholds 8/8/64 | 256/8/64 | 512 | 512
aieflopsvip-kmaker-033145109241:224068:224205 [4] NCCL INFO 8 coll channels, 0 nvls channels, 8 p2p channels, 2 p2p channels per peer
aieflopsvip-kmaker-033145109241:224066:224191 [2] NCCL INFO Connected all trees
aieflopsvip-kmaker-033145109241:224067:224168 [3] NCCL INFO Connected all trees
aieflopsvip-kmaker-033145109241:224066:224191 [2] NCCL INFO threadThresholds 8/8/64 | 256/8/64 | 512 | 512
aieflopsvip-kmaker-033145109241:224067:224168 [3] NCCL INFO threadThresholds 8/8/64 | 256/8/64 | 512 | 512
aieflopsvip-kmaker-033145109241:224066:224191 [2] NCCL INFO 8 coll channels, 0 nvls channels, 8 p2p channels, 2 p2p channels per peer
aieflopsvip-kmaker-033145109241:224067:224168 [3] NCCL INFO 8 coll channels, 0 nvls channels, 8 p2p channels, 2 p2p channels per peer
aieflopsvip-kmaker-033145109241:224065:224200 [1] NCCL INFO Connected all trees
aieflopsvip-kmaker-033145109241:224071:224188 [7] NCCL INFO Connected all trees
aieflopsvip-kmaker-033145109241:224070:224175 [6] NCCL INFO Connected all trees
aieflopsvip-kmaker-033145109241:224064:224170 [0] NCCL INFO Connected all trees
aieflopsvip-kmaker-033145109241:224065:224200 [1] NCCL INFO threadThresholds 8/8/64 | 256/8/64 | 512 | 512
aieflopsvip-kmaker-033145109241:224071:224188 [7] NCCL INFO threadThresholds 8/8/64 | 256/8/64 | 512 | 512
aieflopsvip-kmaker-033145109241:224065:224200 [1] NCCL INFO 8 coll channels, 0 nvls channels, 8 p2p channels, 2 p2p channels per peer
aieflopsvip-kmaker-033145109241:224071:224188 [7] NCCL INFO 8 coll channels, 0 nvls channels, 8 p2p channels, 2 p2p channels per peer
aieflopsvip-kmaker-033145109241:224070:224175 [6] NCCL INFO threadThresholds 8/8/64 | 256/8/64 | 512 | 512
aieflopsvip-kmaker-033145109241:224070:224175 [6] NCCL INFO 8 coll channels, 0 nvls channels, 8 p2p channels, 2 p2p channels per peer
aieflopsvip-kmaker-033145109241:224064:224170 [0] NCCL INFO threadThresholds 8/8/64 | 256/8/64 | 512 | 512
aieflopsvip-kmaker-033145109241:224064:224170 [0] NCCL INFO 8 coll channels, 0 nvls channels, 8 p2p channels, 2 p2p channels per peer
aieflopsvip-kmaker-033145109241:224071:224188 [7] NCCL INFO comm 0x7ab87540 rank 23 nranks 32 cudaDev 7 nvmlDev 7 busId b3000 commId 0x55d07b2619d4d57f - Init COMPLETE
aieflopsvip-kmaker-033145109241:224065:224200 [1] NCCL INFO comm 0x7a00ce90 rank 17 nranks 32 cudaDev 1 nvmlDev 1 busId 19000 commId 0x55d07b2619d4d57f - Init COMPLETE
aieflopsvip-kmaker-033145109241:224068:224205 [4] NCCL INFO comm 0x7a94b7e0 rank 20 nranks 32 cudaDev 4 nvmlDev 4 busId 89000 commId 0x55d07b2619d4d57f - Init COMPLETE
aieflopsvip-kmaker-033145109241:224064:224170 [0] NCCL INFO comm 0x984789c0 rank 16 nranks 32 cudaDev 0 nvmlDev 0 busId 13000 commId 0x55d07b2619d4d57f - Init COMPLETE
aieflopsvip-kmaker-033145109241:224069:224169 [5] NCCL INFO comm 0x79ef1c10 rank 21 nranks 32 cudaDev 5 nvmlDev 5 busId 8e000 commId 0x55d07b2619d4d57f - Init COMPLETE
aieflopsvip-kmaker-033145109241:224066:224191 [2] NCCL INFO comm 0x79c85990 rank 18 nranks 32 cudaDev 2 nvmlDev 2 busId 48000 commId 0x55d07b2619d4d57f - Init COMPLETE
aieflopsvip-kmaker-033145109241:224067:224168 [3] NCCL INFO comm 0x7af2d110 rank 19 nranks 32 cudaDev 3 nvmlDev 3 busId 4d000 commId 0x55d07b2619d4d57f - Init COMPLETE
aieflopsvip-kmaker-033145109241:224070:224175 [6] NCCL INFO comm 0x7b2c8f10 rank 22 nranks 32 cudaDev 6 nvmlDev 6 busId ad000 commId 0x55d07b2619d4d57f - Init COMPLETE
